Archive member included to satisfy reference by file (symbol)

c:/progra~2/gnuarm~1/102021~1.10/bin/../lib/gcc/arm-none-eabi/10.3.1/thumb/v6-m/nofp\libgcc.a(_dvmd_tls.o)
                              CMakeFiles/picoI2c.dir/C_/Users/m3925/Documents/Pico/pico-sdk/src/rp2_common/pico_divider/divider.S.obj (__aeabi_idiv0)
c:/progra~2/gnuarm~1/102021~1.10/bin/../lib/gcc/arm-none-eabi/10.3.1/../../../../arm-none-eabi/lib/thumb/v6-m/nofp\libg.a(lib_a-calloc.o)
                              CMakeFiles/picoI2c.dir/C_/Users/m3925/Documents/Pico/pico-sdk/src/rp2_common/pico_malloc/pico_malloc.c.obj (calloc)
c:/progra~2/gnuarm~1/102021~1.10/bin/../lib/gcc/arm-none-eabi/10.3.1/../../../../arm-none-eabi/lib/thumb/v6-m/nofp\libg.a(lib_a-callocr.o)
                              c:/progra~2/gnuarm~1/102021~1.10/bin/../lib/gcc/arm-none-eabi/10.3.1/../../../../arm-none-eabi/lib/thumb/v6-m/nofp\libg.a(lib_a-calloc.o) (_calloc_r)
c:/progra~2/gnuarm~1/102021~1.10/bin/../lib/gcc/arm-none-eabi/10.3.1/../../../../arm-none-eabi/lib/thumb/v6-m/nofp\libg.a(lib_a-errno.o)
                              c:/progra~2/gnuarm~1/102021~1.10/bin/../lib/gcc/arm-none-eabi/10.3.1/../../../../arm-none-eabi/lib/thumb/v6-m/nofp\libg.a(lib_a-callocr.o) (__errno)
c:/progra~2/gnuarm~1/102021~1.10/bin/../lib/gcc/arm-none-eabi/10.3.1/../../../../arm-none-eabi/lib/thumb/v6-m/nofp\libg.a(lib_a-impure.o)
                              c:/progra~2/gnuarm~1/102021~1.10/bin/../lib/gcc/arm-none-eabi/10.3.1/../../../../arm-none-eabi/lib/thumb/v6-m/nofp\libg.a(lib_a-calloc.o) (_impure_ptr)
c:/progra~2/gnuarm~1/102021~1.10/bin/../lib/gcc/arm-none-eabi/10.3.1/../../../../arm-none-eabi/lib/thumb/v6-m/nofp\libg.a(lib_a-init.o)
                              c:/progra~2/gnuarm~1/102021~1.10/bin/../lib/gcc/arm-none-eabi/10.3.1/../../../../arm-none-eabi/lib/thumb/v6-m/nofp/crt0.o (__libc_init_array)
c:/progra~2/gnuarm~1/102021~1.10/bin/../lib/gcc/arm-none-eabi/10.3.1/../../../../arm-none-eabi/lib/thumb/v6-m/nofp\libg.a(lib_a-malloc.o)
                              CMakeFiles/picoI2c.dir/C_/Users/m3925/Documents/Pico/pico-sdk/src/rp2_common/pico_malloc/pico_malloc.c.obj (malloc)
c:/progra~2/gnuarm~1/102021~1.10/bin/../lib/gcc/arm-none-eabi/10.3.1/../../../../arm-none-eabi/lib/thumb/v6-m/nofp\libg.a(lib_a-mallocr.o)
                              c:/progra~2/gnuarm~1/102021~1.10/bin/../lib/gcc/arm-none-eabi/10.3.1/../../../../arm-none-eabi/lib/thumb/v6-m/nofp\libg.a(lib_a-callocr.o) (_malloc_r)
c:/progra~2/gnuarm~1/102021~1.10/bin/../lib/gcc/arm-none-eabi/10.3.1/../../../../arm-none-eabi/lib/thumb/v6-m/nofp\libg.a(lib_a-mlock.o)
                              c:/progra~2/gnuarm~1/102021~1.10/bin/../lib/gcc/arm-none-eabi/10.3.1/../../../../arm-none-eabi/lib/thumb/v6-m/nofp\libg.a(lib_a-mallocr.o) (__malloc_lock)
c:/progra~2/gnuarm~1/102021~1.10/bin/../lib/gcc/arm-none-eabi/10.3.1/../../../../arm-none-eabi/lib/thumb/v6-m/nofp\libg.a(lib_a-realloc.o)
                              CMakeFiles/picoI2c.dir/C_/Users/m3925/Documents/Pico/pico-sdk/src/rp2_common/pico_malloc/pico_malloc.c.obj (realloc)
c:/progra~2/gnuarm~1/102021~1.10/bin/../lib/gcc/arm-none-eabi/10.3.1/../../../../arm-none-eabi/lib/thumb/v6-m/nofp\libg.a(lib_a-reallocr.o)
                              c:/progra~2/gnuarm~1/102021~1.10/bin/../lib/gcc/arm-none-eabi/10.3.1/../../../../arm-none-eabi/lib/thumb/v6-m/nofp\libg.a(lib_a-realloc.o) (_realloc_r)
c:/progra~2/gnuarm~1/102021~1.10/bin/../lib/gcc/arm-none-eabi/10.3.1/../../../../arm-none-eabi/lib/thumb/v6-m/nofp\libg.a(lib_a-sbrkr.o)
                              c:/progra~2/gnuarm~1/102021~1.10/bin/../lib/gcc/arm-none-eabi/10.3.1/../../../../arm-none-eabi/lib/thumb/v6-m/nofp\libg.a(lib_a-mallocr.o) (_sbrk_r)
c:/progra~2/gnuarm~1/102021~1.10/bin/../lib/gcc/arm-none-eabi/10.3.1/../../../../arm-none-eabi/lib/thumb/v6-m/nofp\libg.a(lib_a-strlen-stub.o)
                              CMakeFiles/picoI2c.dir/C_/Users/m3925/Documents/Pico/pico-sdk/src/rp2_common/pico_stdio/stdio.c.obj (strlen)
c:/progra~2/gnuarm~1/102021~1.10/bin/../lib/gcc/arm-none-eabi/10.3.1/../../../../arm-none-eabi/lib/thumb/v6-m/nofp\libg.a(lib_a-freer.o)
                              c:/progra~2/gnuarm~1/102021~1.10/bin/../lib/gcc/arm-none-eabi/10.3.1/../../../../arm-none-eabi/lib/thumb/v6-m/nofp\libg.a(lib_a-malloc.o) (_free_r)
c:/progra~2/gnuarm~1/102021~1.10/bin/../lib/gcc/arm-none-eabi/10.3.1/../../../../arm-none-eabi/lib/thumb/v6-m/nofp\libg.a(lib_a-lock.o)
                              c:/progra~2/gnuarm~1/102021~1.10/bin/../lib/gcc/arm-none-eabi/10.3.1/../../../../arm-none-eabi/lib/thumb/v6-m/nofp\libg.a(lib_a-mlock.o) (__retarget_lock_acquire_recursive)
c:/progra~2/gnuarm~1/102021~1.10/bin/../lib/gcc/arm-none-eabi/10.3.1/../../../../arm-none-eabi/lib/thumb/v6-m/nofp\libg.a(lib_a-memmove.o)
[...]
Memory Configuration

Name             Origin             Length             Attributes
FLASH            0x10000000         0x00200000         xr
RAM              0x20000000         0x00040000         xrw
SCRATCH_X        0x20040000         0x00001000         xrw
SCRATCH_Y        0x20041000         0x00001000         xrw
*default*        0x00000000         0xffffffff

Linker script and memory map

LOAD c:/progra~2/gnuarm~1/102021~1.10/bin/../lib/gcc/arm-none-eabi/10.3.1/thumb/v6-m/nofp/crti.o
LOAD c:/progra~2/gnuarm~1/102021~1.10/bin/../lib/gcc/arm-none-eabi/10.3.1/thumb/v6-m/nofp/crtbegin.o
LOAD c:/progra~2/gnuarm~1/102021~1.10/bin/../lib/gcc/arm-none-eabi/10.3.1/../../../../arm-none-eabi/lib/thumb/v6-m/nofp/crt0.o

.flash_begin    0x10000000        0x0
                0x10000000                __flash_binary_start = .

.boot2          0x10000000      0x100
                0x10000000                __boot2_start__ = .
 *(.boot2)
 .boot2         0x10000000      0x100 C:\Users\m3925\AppData\Local\Temp\cceApQih.o
                0x10000100                __boot2_end__ = .
                0x00000001                ASSERT (((__boot2_end__ - __boot2_start__) == 0x100), ERROR: Pico second stage bootloader must be 256 bytes in size)

.text           0x10000100     0x48b8
                0x10000100                __logical_binary_start = .
 *(.vectors)
 .vectors       0x10000100       0xd4 CMakeFiles/picoI2c.dir/C_/Users/m3925/Documents/Pico/pico-sdk/src/rp2_common/pico_standard_link/crt0.S.obj
                0x10000100                __VECTOR_TABLE
                0x10000100                __vectors
                0x100001c0                isr_invalid
                0x100001c0                __default_isrs_start
                0x100001c2                isr_nmi
                0x100001c4                isr_hardfault
                0x100001c6                isr_svcall
                0x100001c8                isr_pendsv
                0x100001ca                isr_systick
                0x100001cc                isr_irq23
                0x100001cc                isr_irq18
                0x100001cc                isr_irq11
                0x100001cc                isr_irq28
                0x100001cc                isr_irq19
                0x100001cc                isr_irq0
                0x100001cc                isr_irq6
                0x100001cc                isr_irq5
                0x100001cc                isr_irq12
                0x100001cc                isr_irq22
                0x100001cc                isr_irq31
                0x100001cc                isr_irq17
                0x100001cc                isr_irq27
                0x100001cc                isr_irq30
                0x100001cc                isr_irq2
                0x100001cc                isr_irq10
                0x100001cc                isr_irq8
                0x100001cc                isr_irq24
                0x100001cc                isr_irq1
                0x100001cc                isr_irq7
                0x100001cc                isr_irq21
                0x100001cc                isr_irq20
                0x100001cc                isr_irq15
                0x100001cc                isr_irq25
                0x100001cc                isr_irq13
                0x100001cc                __unhandled_user_irq
                0x100001cc                isr_irq4
                0x100001cc                isr_irq16
                0x100001cc                isr_irq29
                0x100001cc                isr_irq26
                0x100001cc                __default_isrs_end
                0x100001cc                isr_irq3
                0x100001cc                isr_irq14
                0x100001cc                isr_irq9
                0x100001d2                unhandled_user_irq_num_in_r0
 *(.binary_info_header)
 .binary_info_header
                0x100001d4       0x14 CMakeFiles/picoI2c.dir/C_/Users/m3925/Documents/Pico/pico-sdk/src/rp2_common/pico_standard_link/crt0.S.obj
                0x100001e8                __binary_info_header_end = .
 *(.reset)
 .reset         0x100001e8       0xa8 CMakeFiles/picoI2c.dir/C_/Users/m3925/Documents/Pico/pico-sdk/src/rp2_common/pico_standard_link/crt0.S.obj
                0x100001e8                _entry_point
                0x10000266                __get_current_exception
 .reset         0x10000290       0x30 CMakeFiles/picoI2c.dir/C_/Users/m3925/Documents/Pico/pico-sdk/src/rp2_common/pico_standard_link/binary_info.c.obj
 *(.init)
 .init          0x100002c0        0x4 c:/progra~2/gnuarm~1/102021~1.10/bin/../lib/gcc/arm-none-eabi/10.3.1/thumb/v6-m/nofp/crti.o
                0x100002c0                _init
 *(EXCLUDE_FILE(*libm.a: *libc.a:*lib_a-mem*.o *libgcc.a:) .text*)
 .text          0x100002c4       0x48 c:/progra~2/gnuarm~1/102021~1.10/bin/../lib/gcc/arm-none-eabi/10.3.1/thumb/v6-m/nofp/crtbegin.o
 .text.main     0x1000030c       0xac CMakeFiles/picoI2c.dir/picoI2c.c.obj
                0x1000030c                main
 .text.LPS25HB_write
                0x100003b8       0xc4 CMakeFiles/picoI2c.dir/LPS25HB.c.obj
                0x100003b8                LPS25HB_write
 .text.LPS25HB_read
                0x1000047c       0xc4 CMakeFiles/picoI2c.dir/LPS25HB.c.obj
                0x1000047c                LPS25HB_read
 .text.LPS25HB_init
                0x10000540       0x32 CMakeFiles/picoI2c.dir/LPS25HB.c.obj
                0x10000540                LPS25HB_init
 *fill*         0x10000572        0x2 
 .text.gpio_set_function
                0x10000574       0x30 CMakeFiles/picoI2c.dir/C_/Users/m3925/Documents/Pico/pico-sdk/src/rp2_common/hardware_gpio/gpio.c.obj
                0x10000574                gpio_set_function
 .text.hw_claim_lock
                0x100005a4       0x18 CMakeFiles/picoI2c.dir/C_/Users/m3925/Documents/Pico/pico-sdk/src/rp2_common/hardware_claim/claim.c.obj
                0x100005a4                hw_claim_lock
 .text.hw_claim_unlock
                0x100005bc       0x14 CMakeFiles/picoI2c.dir/C_/Users/m3925/Documents/Pico/pico-sdk/src/rp2_common/hardware_claim/claim.c.obj
                0x100005bc                hw_claim_unlock
 .text.hw_claim_or_assert
                0x100005d0       0x32 CMakeFiles/picoI2c.dir/C_/Users/m3925/Documents/Pico/pico-sdk/src/rp2_common/hardware_claim/claim.c.obj
                0x100005d0                hw_claim_or_assert
 *fill*         0x10000602        0x2 
 .text.running_on_fpga
                0x10000604       0x14 CMakeFiles/picoI2c.dir/C_/Users/m3925/Documents/Pico/pico-sdk/src/rp2_common/pico_platform/platform.c.obj
                0x10000604                running_on_fpga
 .text.spin_locks_reset
                0x10000618       0x20 CMakeFiles/picoI2c.dir/C_/Users/m3925/Documents/Pico/pico-sdk/src/rp2_common/hardware_sync/sync.c.obj
                0x10000618                spin_locks_reset
 .text.next_striped_spin_lock_num
                0x10000638       0x1c CMakeFiles/picoI2c.dir/C_/Users/m3925/Documents/Pico/pico-sdk/src/rp2_common/hardware_sync/sync.c.obj
                0x10000638                next_striped_spin_lock_num
 .text.set_raw_irq_handler_and_unlock
                0x10000654       0x28 CMakeFiles/picoI2c.dir/C_/Users/m3925/Documents/Pico/pico-sdk/src/rp2_common/hardware_irq/irq.c.obj
 .text.make_branch
                0x1000067c       0x48 CMakeFiles/picoI2c.dir/C_/Users/m3925/Documents/Pico/pico-sdk/src/rp2_common/hardware_irq/irq.c.obj
 .text.insert_branch_and_link
                0x100006c4       0x40 CMakeFiles/picoI2c.dir/C_/Users/m3925/Documents/Pico/pico-sdk/src/rp2_common/hardware_irq/irq.c.obj
 .text.irq_is_enabled
                0x10000704       0x18 CMakeFiles/picoI2c.dir/C_/Users/m3925/Documents/Pico/pico-sdk/src/rp2_common/hardware_irq/irq.c.obj
                0x10000704                irq_is_enabled
 .text.irq_set_mask_enabled
                0x1000071c       0x20 CMakeFiles/picoI2c.dir/C_/Users/m3925/Documents/Pico/pico-sdk/src/rp2_common/hardware_irq/irq.c.obj
                0x1000071c                irq_set_mask_enabled
 .text.irq_set_enabled
                0x1000073c        0xe CMakeFiles/picoI2c.dir/C_/Users/m3925/Documents/Pico/pico-sdk/src/rp2_common/hardware_irq/irq.c.obj
                0x1000073c                irq_set_enabled
 *fill*         0x1000074a        0x2 
 .text.irq_get_vtable_handler
                0x1000074c       0x10 CMakeFiles/picoI2c.dir/C_/Users/m3925/Documents/Pico/pico-sdk/src/rp2_common/hardware_irq/irq.c.obj
                0x1000074c                irq_get_vtable_handler
 .text.irq_set_exclusive_handler
                0x1000075c       0x54 CMakeFiles/picoI2c.dir/C_/Users/m3925/Documents/Pico/pico-sdk/src/rp2_common/hardware_irq/irq.c.obj
                0x1000075c                irq_set_exclusive_handler
 .text.irq_remove_handler
                0x100007b0      0x1a8 CMakeFiles/picoI2c.dir/C_/Users/m3925/Documents/Pico/pico-sdk/src/rp2_common/hardware_irq/irq.c.obj
                0x100007b0                irq_remove_handler
 .text.irq_add_tail_to_free_list
                0x10000958       0xf0 CMakeFiles/picoI2c.dir/C_/Users/m3925/Documents/Pico/pico-sdk/src/rp2_common/hardware_irq/irq.c.obj
                0x10000958                irq_add_tail_to_free_list
 .text.irq_init_priorities
                0x10000a48       0x1c CMakeFiles/picoI2c.dir/C_/Users/m3925/Documents/Pico/pico-sdk/src/rp2_common/hardware_irq/irq.c.obj
                0x10000a48                irq_init_priorities
 .text.lock_init
                0x10000a64       0x10 CMakeFiles/picoI2c.dir/C_/Users/m3925/Documents/Pico/pico-sdk/src/common/pico_sync/lock_core.c.obj
                0x10000a64                lock_init
 .text.alarm_pool_post_alloc_init
                0x10000a74       0x40 CMakeFiles/picoI2c.dir/C_/Users/m3925/Documents/Pico/pico-sdk/src/common/pico_time/time.c.obj
 .text.sleep_until_callback
                0x10000ab4       0x30 CMakeFiles/picoI2c.dir/C_/Users/m3925/Documents/Pico/pico-sdk/src/common/pico_time/time.c.obj
 .text.timer_pool_entry_comparator
                0x10000ae4       0x7c CMakeFiles/picoI2c.dir/C_/Users/m3925/Documents/Pico/pico-sdk/src/common/pico_time/time.c.obj
                0x10000ae4                timer_pool_entry_comparator
 .text.ph_add_child_node
                0x10000b60       0xa4 CMakeFiles/picoI2c.dir/C_/Users/m3925/Documents/Pico/pico-sdk/src/common/pico_time/time.c.obj
 .text.ph_merge_nodes
                0x10000c04       0x3e CMakeFiles/picoI2c.dir/C_/Users/m3925/Documents/Pico/pico-sdk/src/common/pico_time/time.c.obj
 *fill*         0x10000c42        0x2 
 .text.add_alarm_under_lock
                0x10000c44      0x174 CMakeFiles/picoI2c.dir/C_/Users/m3925/Documents/Pico/pico-sdk/src/common/pico_time/time.c.obj
 .text.alarm_pool_alarm_callback
                0x10000db8      0x328 CMakeFiles/picoI2c.dir/C_/Users/m3925/Documents/Pico/pico-sdk/src/common/pico_time/time.c.obj
 .text.alarm_pool_init_default
                0x100010e0       0x38 CMakeFiles/picoI2c.dir/C_/Users/m3925/Documents/Pico/pico-sdk/src/common/pico_time/time.c.obj
                0x100010e0                alarm_pool_init_default
 .text.alarm_pool_get_default
                0x10001118       0x2c CMakeFiles/picoI2c.dir/C_/Users/m3925/Documents/Pico/pico-sdk/src/common/pico_time/time.c.obj
                0x10001118                alarm_pool_get_default
 .text.alarm_pool_add_alarm_at
                0x10001144      0x170 CMakeFiles/picoI2c.dir/C_/Users/m3925/Documents/Pico/pico-sdk/src/common/pico_time/time.c.obj
                0x10001144                alarm_pool_add_alarm_at
 .text.sleep_until
                0x100012b4       0xfc CMakeFiles/picoI2c.dir/C_/Users/m3925/Documents/Pico/pico-sdk/src/common/pico_time/time.c.obj
                0x100012b4                sleep_until
 .text.sleep_us
                0x100013b0       0x58 CMakeFiles/picoI2c.dir/C_/Users/m3925/Documents/Pico/pico-sdk/src/common/pico_time/time.c.obj
                0x100013b0                sleep_us
 .text.sleep_ms
                0x10001408       0x14 CMakeFiles/picoI2c.dir/C_/Users/m3925/Documents/Pico/pico-sdk/src/common/pico_time/time.c.obj
                0x10001408                sleep_ms
 .text.check_single_timeout_us
                0x1000141c       0x2c CMakeFiles/picoI2c.dir/C_/Users/m3925/Documents/Pico/pico-sdk/src/common/pico_time/timeout_helper.c.obj
 .text.init_single_timeout_until
                0x10001448        0xc CMakeFiles/picoI2c.dir/C_/Users/m3925/Documents/Pico/pico-sdk/src/common/pico_time/timeout_helper.c.obj
                0x10001448                init_single_timeout_until
 .text.hardware_alarm_irq_handler
                0x10001454       0x8c CMakeFiles/picoI2c.dir/C_/Users/m3925/Documents/Pico/pico-sdk/src/rp2_common/hardware_timer/timer.c.obj
 .text.hardware_alarm_claim
                0x100014e0       0x18 CMakeFiles/picoI2c.dir/C_/Users/m3925/Documents/Pico/pico-sdk/src/rp2_common/hardware_timer/timer.c.obj
                0x100014e0                hardware_alarm_claim
 .text.time_us_64
                0x100014f8       0x18 CMakeFiles/picoI2c.dir/C_/Users/m3925/Documents/Pico/pico-sdk/src/rp2_common/hardware_timer/timer.c.obj
                0x100014f8                time_us_64
 .text.busy_wait_until
                0x10001510       0x28 CMakeFiles/picoI2c.dir/C_/Users/m3925/Documents/Pico/pico-sdk/src/rp2_common/hardware_timer/timer.c.obj
                0x10001510                busy_wait_until
 .text.hardware_alarm_set_callback
                0x10001538       0x90 CMakeFiles/picoI2c.dir/C_/Users/m3925/Documents/Pico/pico-sdk/src/rp2_common/hardware_timer/timer.c.obj
                0x10001538                hardware_alarm_set_callback
 .text.hardware_alarm_set_target
                0x100015c8       0xe8 CMakeFiles/picoI2c.dir/C_/Users/m3925/Documents/Pico/pico-sdk/src/rp2_common/hardware_timer/timer.c.obj
                0x100015c8                hardware_alarm_set_target
 .text.hardware_alarm_cancel
                0x100016b0       0x40 CMakeFiles/picoI2c.dir/C_/Users/m3925/Documents/Pico/pico-sdk/src/rp2_common/hardware_timer/timer.c.obj
                0x100016b0                hardware_alarm_cancel
 .text.ph_add_child_node
                0x100016f0       0xa4 CMakeFiles/picoI2c.dir/C_/Users/m3925/Documents/Pico/pico-sdk/src/common/pico_util/pheap.c.obj
 .text.ph_merge_nodes
                0x10001794       0x3e CMakeFiles/picoI2c.dir/C_/Users/m3925/Documents/Pico/pico-sdk/src/common/pico_util/pheap.c.obj
 *fill*         0x100017d2        0x2 
 .text.ph_clear
                0x100017d4       0x70 CMakeFiles/picoI2c.dir/C_/Users/m3925/Documents/Pico/pico-sdk/src/common/pico_util/pheap.c.obj
                0x100017d4                ph_clear
 .text.ph_post_alloc_init
                0x10001844        0xe CMakeFiles/picoI2c.dir/C_/Users/m3925/Documents/Pico/pico-sdk/src/common/pico_util/pheap.c.obj
                0x10001844                ph_post_alloc_init
 *fill*         0x10001852        0x2 
 .text.ph_merge_two_pass
                0x10001854       0xa8 CMakeFiles/picoI2c.dir/C_/Users/m3925/Documents/Pico/pico-sdk/src/common/pico_util/pheap.c.obj
                0x10001854                ph_merge_two_pass
 .text.ph_remove_any_head
                0x100018fc      0x108 CMakeFiles/picoI2c.dir/C_/Users/m3925/Documents/Pico/pico-sdk/src/common/pico_util/pheap.c.obj
 .text.ph_remove_head
                0x10001a04       0x14 CMakeFiles/picoI2c.dir/C_/Users/m3925/Documents/Pico/pico-sdk/src/common/pico_util/pheap.c.obj
                0x10001a04                ph_remove_head
 .text.ph_remove_and_free_node
                0x10001a18       0xf8 CMakeFiles/picoI2c.dir/C_/Users/m3925/Documents/Pico/pico-sdk/src/common/pico_util/pheap.c.obj
                0x10001a18                ph_remove_and_free_node
 .text.mutex_init
                0x10001b10       0x1a CMakeFiles/picoI2c.dir/C_/Users/m3925/Documents/Pico/pico-sdk/src/common/pico_sync/mutex.c.obj
                0x10001b10                mutex_init
 .text.recursive_mutex_init
                0x10001b2a       0x1e CMakeFiles/picoI2c.dir/C_/Users/m3925/Documents/Pico/pico-sdk/src/common/pico_sync/mutex.c.obj
                0x10001b2a                recursive_mutex_init
 .text.uart_set_baudrate
                0x10001b48       0x5c CMakeFiles/picoI2c.dir/C_/Users/m3925/Documents/Pico/pico-sdk/src/rp2_common/hardware_uart/uart.c.obj
                0x10001b48                uart_set_baudrate
 .text.uart_set_translate_crlf
                0x10001ba4       0x28 CMakeFiles/picoI2c.dir/C_/Users/m3925/Documents/Pico/pico-sdk/src/rp2_common/hardware_uart/uart.c.obj
                0x10001ba4                uart_set_translate_crlf
 .text.uart_init
                0x10001bcc       0x80 CMakeFiles/picoI2c.dir/C_/Users/m3925/Documents/Pico/pico-sdk/src/rp2_common/hardware_uart/uart.c.obj
                0x10001bcc                uart_init
 .text._exit    0x10001c4c        0x4 CMakeFiles/picoI2c.dir/C_/Users/m3925/Documents/Pico/pico-sdk/src/rp2_common/pico_runtime/runtime.c.obj
                0x10001c4c                _exit
 .text.exit     0x10001c50        0x6 CMakeFiles/picoI2c.dir/C_/Users/m3925/Documents/Pico/pico-sdk/src/rp2_common/pico_runtime/runtime.c.obj
                0x10001c50                exit
 *fill*         0x10001c56        0x2 
 .text.__assert_func
                0x10001c58       0x3c CMakeFiles/picoI2c.dir/C_/Users/m3925/Documents/Pico/pico-sdk/src/rp2_common/pico_runtime/runtime.c.obj
                0x10001c58                __assert_func
 .text.runtime_init
                0x10001c94       0xf8 CMakeFiles/picoI2c.dir/C_/Users/m3925/Documents/Pico/pico-sdk/src/rp2_common/pico_runtime/runtime.c.obj
                0x10001c94                runtime_init
 .text.panic    0x10001d8c       0x30 CMakeFiles/picoI2c.dir/C_/Users/m3925/Documents/Pico/pico-sdk/src/rp2_common/pico_runtime/runtime.c.obj
                0x10001d8c                panic
 .text.clock_configure
                0x10001dbc      0x104 CMakeFiles/picoI2c.dir/C_/Users/m3925/Documents/Pico/pico-sdk/src/rp2_common/hardware_clocks/clocks.c.obj
                0x10001dbc                clock_configure
 .text.clocks_init
                0x10001ec0      0x100 CMakeFiles/picoI2c.dir/C_/Users/m3925/Documents/Pico/pico-sdk/src/rp2_common/hardware_clocks/clocks.c.obj
                0x10001ec0                clocks_init
 .text.clock_get_hz
                0x10001fc0        0xc CMakeFiles/picoI2c.dir/C_/Users/m3925/Documents/Pico/pico-sdk/src/rp2_common/hardware_clocks/clocks.c.obj
                0x10001fc0                clock_get_hz
 .text.pll_init
                0x10001fcc      0x140 CMakeFiles/picoI2c.dir/C_/Users/m3925/Documents/Pico/pico-sdk/src/rp2_common/hardware_pll/pll.c.obj
                0x10001fcc                pll_init
 .text.watchdog_start_tick
                0x1000210c       0x10 CMakeFiles/picoI2c.dir/C_/Users/m3925/Documents/Pico/pico-sdk/src/rp2_common/hardware_watchdog/watchdog.c.obj
                0x1000210c                watchdog_start_tick
 .text.xosc_init
                0x1000211c       0x28 CMakeFiles/picoI2c.dir/C_/Users/m3925/Documents/Pico/pico-sdk/src/rp2_common/hardware_xosc/xosc.c.obj
                0x1000211c                xosc_init
 .text._out_null
                0x10002144        0x2 CMakeFiles/picoI2c.dir/C_/Users/m3925/Documents/Pico/pico-sdk/src/rp2_common/pico_printf/printf.c.obj
 .text._out_fct
                0x10002146        0xe CMakeFiles/picoI2c.dir/C_/Users/m3925/Documents/Pico/pico-sdk/src/rp2_common/pico_printf/printf.c.obj
 .text._atoi    0x10002154       0x24 CMakeFiles/picoI2c.dir/C_/Users/m3925/Documents/Pico/pico-sdk/src/rp2_common/pico_printf/printf.c.obj
 .text._out_rev
                0x10002178       0xae CMakeFiles/picoI2c.dir/C_/Users/m3925/Documents/Pico/pico-sdk/src/rp2_common/pico_printf/printf.c.obj
 .text._ntoa_format
                0x10002226      0x112 CMakeFiles/picoI2c.dir/C_/Users/m3925/Documents/Pico/pico-sdk/src/rp2_common/pico_printf/printf.c.obj
 .text._ntoa_long
                0x10002338       0xbc CMakeFiles/picoI2c.dir/C_/Users/m3925/Documents/Pico/pico-sdk/src/rp2_common/pico_printf/printf.c.obj
 .text._ntoa_long_long
                0x100023f4       0xe2 CMakeFiles/picoI2c.dir/C_/Users/m3925/Documents/Pico/pico-sdk/src/rp2_common/pico_printf/printf.c.obj
 *fill*         0x100024d6        0x2 
 .text._etoa    0x100024d8      0x414 CMakeFiles/picoI2c.dir/C_/Users/m3925/Documents/Pico/pico-sdk/src/rp2_common/pico_printf/printf.c.obj
 .text._ftoa    0x100028ec      0x354 CMakeFiles/picoI2c.dir/C_/Users/m3925/Documents/Pico/pico-sdk/src/rp2_common/pico_printf/printf.c.obj
 .text._vsnprintf
                0x10002c40      0x624 CMakeFiles/picoI2c.dir/C_/Users/m3925/Documents/Pico/pico-sdk/src/rp2_common/pico_printf/printf.c.obj
 .text.vfctprintf
                0x10003264       0x20 CMakeFiles/picoI2c.dir/C_/Users/m3925/Documents/Pico/pico-sdk/src/rp2_common/pico_printf/printf.c.obj
                0x10003264                vfctprintf
 .text          0x10003284       0x10 CMakeFiles/picoI2c.dir/C_/Users/m3925/Documents/Pico/pico-sdk/src/rp2_common/pico_bit_ops/bit_ops_aeabi.S.obj
 .text.rom_func_lookup
                0x10003294       0x10 CMakeFiles/picoI2c.dir/C_/Users/m3925/Documents/Pico/pico-sdk/src/rp2_common/pico_bootrom/bootrom.c.obj
                0x10003294                rom_func_lookup
 .text.rom_data_lookup
                0x100032a4       0x10 CMakeFiles/picoI2c.dir/C_/Users/m3925/Documents/Pico/pico-sdk/src/rp2_common/pico_bootrom/bootrom.c.obj
                0x100032a4                rom_data_lookup
 .text.rom_funcs_lookup
                0x100032b4       0x36 CMakeFiles/picoI2c.dir/C_/Users/m3925/Documents/Pico/pico-sdk/src/rp2_common/pico_bootrom/bootrom.c.obj
                0x100032b4                rom_funcs_lookup
 *fill*         0x100032ea        0x2 
 .text.__wrap___aeabi_idiv
                0x100032ec       0x50 CMakeFiles/picoI2c.dir/C_/Users/m3925/Documents/Pico/pico-sdk/src/rp2_common/pico_divider/divider.S.obj
                0x100032ec                __wrap___aeabi_idivmod
                0x100032ec                divmod_s32s32
                0x100032ec                div_s32s32
                0x100032ec                __wrap___aeabi_idiv
                0x100032f4                divmod_s32s32_unsafe
                0x10003320                divmod_s32s32_savestate
 .text.__wrap___aeabi_uidiv
                0x1000333c       0x4c CMakeFiles/picoI2c.dir/C_/Users/m3925/Documents/Pico/pico-sdk/src/rp2_common/pico_divider/divider.S.obj
                0x1000333c                __wrap___aeabi_uidiv
                0x1000333c                __wrap___aeabi_uidivmod
                0x1000333c                div_u32u32
                0x1000333c                divmod_u32u32
                0x10003344                divmod_u32u32_unsafe
                0x1000336c                divmod_u32u32_savestate
 .text.__wrap___aeabi_ldiv
                0x10003388      0x434 CMakeFiles/picoI2c.dir/C_/Users/m3925/Documents/Pico/pico-sdk/src/rp2_common/pico_divider/divider.S.obj
                0x10003388                div_s64s64
                0x10003388                divmod_s64s64
                0x10003388                __wrap___aeabi_ldivmod
                0x100033c0                divmod_u64u64
                0x100033c0                div_u64u64
                0x100033c0                __wrap___aeabi_uldivmod
                0x100033d0                divmod_u64u64_savestate
                0x100033f8                divmod_s64s64_unsafe
                0x10003480                divmod_u64u64_unsafe
 .text.__wrap___aeabi_darithmetic
                0x100037bc       0x80 CMakeFiles/picoI2c.dir/C_/Users/m3925/Documents/Pico/pico-sdk/src/rp2_common/pico_double/double_aeabi.S.obj
                0x100037bc                __wrap___aeabi_drsub
                0x100037c2                __wrap___aeabi_dsub
                0x100037d4                __wrap___aeabi_dadd
                0x100037e6                __wrap___aeabi_ddiv
                0x10003822                __wrap___aeabi_dmul
 .text.__wrap___aeabi_cdcmple
                0x1000383c       0x6c CMakeFiles/picoI2c.dir/C_/Users/m3925/Documents/Pico/pico-sdk/src/rp2_common/pico_double/double_aeabi.S.obj
                0x1000383c                __wrap___aeabi_cdrcmple
                0x1000384c                __wrap___aeabi_cdcmpeq
                0x1000384c                __wrap___aeabi_cdcmple
 .text.__wrap___aeabi_dcmplt
                0x100038a8        0xc CMakeFiles/picoI2c.dir/C_/Users/m3925/Documents/Pico/pico-sdk/src/rp2_common/pico_double/double_aeabi.S.obj
                0x100038a8                __wrap___aeabi_dcmplt
 .text.__wrap___aeabi_dcmple
                0x100038b4       0x10 CMakeFiles/picoI2c.dir/C_/Users/m3925/Documents/Pico/pico-sdk/src/rp2_common/pico_double/double_aeabi.S.obj
                0x100038b4                __wrap___aeabi_dcmple
 .text.__wrap___aeabi_dcmpge
                0x100038c4       0x10 CMakeFiles/picoI2c.dir/C_/Users/m3925/Documents/Pico/pico-sdk/src/rp2_common/pico_double/double_aeabi.S.obj
                0x100038c4                __wrap___aeabi_dcmpge
 .text.__wrap___aeabi_dcmpgt
                0x100038d4        0xa CMakeFiles/picoI2c.dir/C_/Users/m3925/Documents/Pico/pico-sdk/src/rp2_common/pico_double/double_aeabi.S.obj
                0x100038d4                __wrap___aeabi_dcmpgt
 .text.__wrap___aeabi_dcmpun
                0x100038de       0x1c CMakeFiles/picoI2c.dir/C_/Users/m3925/Documents/Pico/pico-sdk/src/rp2_common/pico_double/double_aeabi.S.obj
                0x100038de                __wrap___aeabi_dcmpun
 *fill*         0x100038fa        0x2 
 .text.__wrap___aeabi_i2d
                0x100038fc       0x38 CMakeFiles/picoI2c.dir/C_/Users/m3925/Documents/Pico/pico-sdk/src/rp2_common/pico_double/double_aeabi.S.obj
                0x100038fc                __wrap___aeabi_ui2d
                0x10003904                __wrap___aeabi_i2d
 .text.__wrap___aeabi_d2iz
                0x10003934       0x48 CMakeFiles/picoI2c.dir/C_/Users/m3925/Documents/Pico/pico-sdk/src/rp2_common/pico_double/double_aeabi.S.obj
                0x10003934                double2int_z
                0x10003934                __wrap___aeabi_d2iz
 .text.__wrap___aeabi_d2uiz
                0x1000397c       0x18 CMakeFiles/picoI2c.dir/C_/Users/m3925/Documents/Pico/pico-sdk/src/rp2_common/pico_double/double_aeabi.S.obj
                0x1000397c                __wrap___aeabi_d2uiz
                0x1000397c                double2uint
 .text.__aeabi_double_init
                0x10003994       0xc8 CMakeFiles/picoI2c.dir/C_/Users/m3925/Documents/Pico/pico-sdk/src/rp2_common/pico_double/double_init_rom.c.obj
                0x10003994                __aeabi_double_init
 .text.double_table_shim_on_use_helper
                0x10003a5c       0x34 CMakeFiles/picoI2c.dir/C_/Users/m3925/Documents/Pico/pico-sdk/src/rp2_common/pico_double/double_v1_rom_shim.S.obj
                0x10003a5c                double_table_shim_on_use_helper
 .text.__wrap___aeabi_dsub
                0x10003a90       0x10 CMakeFiles/picoI2c.dir/C_/Users/m3925/Documents/Pico/pico-sdk/src/rp2_common/pico_double/double_v1_rom_shim.S.obj
                0x10003a90                drsub_shim
                0x10003a96                dsub_shim
 .text.dadd_shim
                0x10003aa0      0x15c CMakeFiles/picoI2c.dir/C_/Users/m3925/Documents/Pico/pico-sdk/src/rp2_common/pico_double/double_v1_rom_shim.S.obj
                0x10003aa0                dadd_shim
 .text.dmul_shim
                0x10003bfc      0x15c CMakeFiles/picoI2c.dir/C_/Users/m3925/Documents/Pico/pico-sdk/src/rp2_common/pico_double/double_v1_rom_shim.S.obj
                0x10003bfc                dmul_shim
 .text.ddiv_shim
                0x10003d58      0x1b0 CMakeFiles/picoI2c.dir/C_/Users/m3925/Documents/Pico/pico-sdk/src/rp2_common/pico_double/double_v1_rom_shim.S.obj
                0x10003d58                ddiv_shim
 .text.double2uint_shim
                0x10003f08        0xe CMakeFiles/picoI2c.dir/C_/Users/m3925/Documents/Pico/pico-sdk/src/rp2_common/pico_double/double_v1_rom_shim.S.obj
                0x10003f08                double2uint_shim
                0x10003f0a                double2ufix_shim
 *fill*         0x10003f16        0x2 
 .text.double2uint64_shim
                0x10003f18       0x70 CMakeFiles/picoI2c.dir/C_/Users/m3925/Documents/Pico/pico-sdk/src/rp2_common/pico_double/double_v1_rom_shim.S.obj
                0x10003f18                double2uint64_shim
                0x10003f1a                double2ufix64_shim
                0x10003f3a                d2fix_a
 .text.dunpacks
                0x10003f88       0x3c CMakeFiles/picoI2c.dir/C_/Users/m3925/Documents/Pico/pico-sdk/src/rp2_common/pico_double/double_v1_rom_shim.S.obj
                0x10003f88                dunpacks
 .text.__aeabi_lmul
                0x10003fc4       0x32 CMakeFiles/picoI2c.dir/C_/Users/m3925/Documents/Pico/pico-sdk/src/rp2_common/pico_int64_ops/pico_int64_ops_aeabi.S.obj
                0x10003fc4                __wrap___aeabi_lmul
 *fill*         0x10003ff6        0x2 
 .text.__aeabi_float_init
                0x10003ff8       0xfc CMakeFiles/picoI2c.dir/C_/Users/m3925/Documents/Pico/pico-sdk/src/rp2_common/pico_float/float_init_rom.c.obj
                0x10003ff8                __aeabi_float_init
 .text.float_table_shim_on_use_helper
                0x100040f4       0x34 CMakeFiles/picoI2c.dir/C_/Users/m3925/Documents/Pico/pico-sdk/src/rp2_common/pico_float/float_v1_rom_shim.S.obj
                0x100040f4                float_table_shim_on_use_helper
 .text          0x10004128       0x10 CMakeFiles/picoI2c.dir/C_/Users/m3925/Documents/Pico/pico-sdk/src/rp2_common/pico_mem_ops/mem_ops_aeabi.S.obj
                0x10004128                __aeabi_mem_init
 .text.memset   0x10004138        0xc CMakeFiles/picoI2c.dir/C_/Users/m3925/Documents/Pico/pico-sdk/src/rp2_common/pico_mem_ops/mem_ops_aeabi.S.obj
                0x10004138                __wrap_memset
 .text.memcpy   0x10004144        0xc CMakeFiles/picoI2c.dir/C_/Users/m3925/Documents/Pico/pico-sdk/src/rp2_common/pico_mem_ops/mem_ops_aeabi.S.obj
                0x10004144                __wrap_memcpy
                0x10004144                __wrap___aeabi_memcpy
 .text.stdio_out_chars_no_crlf
                0x10004150        0xe CMakeFiles/picoI2c.dir/C_/Users/m3925/Documents/Pico/pico-sdk/src/rp2_common/pico_stdio/stdio.c.obj
 *fill*         0x1000415e        0x2 
 .text.stdio_out_chars_crlf
                0x10004160       0x80 CMakeFiles/picoI2c.dir/C_/Users/m3925/Documents/Pico/pico-sdk/src/rp2_common/pico_stdio/stdio.c.obj
 .text.stdio_stack_buffer_flush
                0x100041e0       0x44 CMakeFiles/picoI2c.dir/C_/Users/m3925/Documents/Pico/pico-sdk/src/rp2_common/pico_stdio/stdio.c.obj
 .text.stdio_buffered_printer
                0x10004224       0x20 CMakeFiles/picoI2c.dir/C_/Users/m3925/Documents/Pico/pico-sdk/src/rp2_common/pico_stdio/stdio.c.obj
 .text.stdout_serialize_begin
                0x10004244       0x30 CMakeFiles/picoI2c.dir/C_/Users/m3925/Documents/Pico/pico-sdk/src/rp2_common/pico_stdio/stdio.c.obj
                0x10004244                stdout_serialize_begin
 .text.stdout_serialize_end
                0x10004274       0x10 CMakeFiles/picoI2c.dir/C_/Users/m3925/Documents/Pico/pico-sdk/src/rp2_common/pico_stdio/stdio.c.obj
                0x10004274                stdout_serialize_end
 .text.stdio_put_string
                0x10004284       0x98 CMakeFiles/picoI2c.dir/C_/Users/m3925/Documents/Pico/pico-sdk/src/rp2_common/pico_stdio/stdio.c.obj
 .text.stdio_set_driver_enabled
                0x1000431c       0x2c CMakeFiles/picoI2c.dir/C_/Users/m3925/Documents/Pico/pico-sdk/src/rp2_common/pico_stdio/stdio.c.obj
                0x1000431c                stdio_set_driver_enabled
 .text.stdio_flush
                0x10004348       0x20 CMakeFiles/picoI2c.dir/C_/Users/m3925/Documents/Pico/pico-sdk/src/rp2_common/pico_stdio/stdio.c.obj
                0x10004348                stdio_flush
 .text.__wrap_puts
                0x10004368       0x1e CMakeFiles/picoI2c.dir/C_/Users/m3925/Documents/Pico/pico-sdk/src/rp2_common/pico_stdio/stdio.c.obj
                0x10004368                __wrap_puts
 *fill*         0x10004386        0x2 
 .text.__wrap_vprintf
                0x10004388       0x44 CMakeFiles/picoI2c.dir/C_/Users/m3925/Documents/Pico/pico-sdk/src/rp2_common/pico_stdio/stdio.c.obj
                0x10004388                __wrap_vprintf
 .text.__wrap_printf
                0x100043cc       0x18 CMakeFiles/picoI2c.dir/C_/Users/m3925/Documents/Pico/pico-sdk/src/rp2_common/pico_stdio/stdio.c.obj
                0x100043cc                __wrap_printf
 .text.stdio_init_all
                0x100043e4        0x8 CMakeFiles/picoI2c.dir/C_/Users/m3925/Documents/Pico/pico-sdk/src/rp2_common/pico_stdio/stdio.c.obj
                0x100043e4                stdio_init_all
 .text.stdio_uart_out_chars
                0x100043ec       0x74 CMakeFiles/picoI2c.dir/C_/Users/m3925/Documents/Pico/pico-sdk/src/rp2_common/pico_stdio_uart/stdio_uart.c.obj
 .text.stdio_uart_in_chars
                0x10004460       0x58 CMakeFiles/picoI2c.dir/C_/Users/m3925/Documents/Pico/pico-sdk/src/rp2_common/pico_stdio_uart/stdio_uart.c.obj
                0x10004460                stdio_uart_in_chars
 .text.stdio_uart_init_full
                0x100044b8       0x3c CMakeFiles/picoI2c.dir/C_/Users/m3925/Documents/Pico/pico-sdk/src/rp2_common/pico_stdio_uart/stdio_uart.c.obj
                0x100044b8                stdio_uart_init_full
 .text.stdio_uart_init
                0x100044f4       0x28 CMakeFiles/picoI2c.dir/C_/Users/m3925/Documents/Pico/pico-sdk/src/rp2_common/pico_stdio_uart/stdio_uart.c.obj
                0x100044f4                stdio_uart_init
 .text.i2c_write_blocking_internal
                0x1000451c      0x140 CMakeFiles/picoI2c.dir/C_/Users/m3925/Documents/Pico/pico-sdk/src/rp2_common/hardware_i2c/i2c.c.obj
 .text.i2c_read_blocking_internal
                0x1000465c       0xe6 CMakeFiles/picoI2c.dir/C_/Users/m3925/Documents/Pico/pico-sdk/src/rp2_common/hardware_i2c/i2c.c.obj
 *fill*         0x10004742        0x2 
 .text.i2c_set_baudrate
                0x10004744       0xf0 CMakeFiles/picoI2c.dir/C_/Users/m3925/Documents/Pico/pico-sdk/src/rp2_common/hardware_i2c/i2c.c.obj
                0x10004744                i2c_set_baudrate
 .text.i2c_init
                0x10004834       0x58 CMakeFiles/picoI2c.dir/C_/Users/m3925/Documents/Pico/pico-sdk/src/rp2_common/hardware_i2c/i2c.c.obj
                0x10004834                i2c_init
 .text.i2c_write_blocking_until
                0x1000488c       0x3e CMakeFiles/picoI2c.dir/C_/Users/m3925/Documents/Pico/pico-sdk/src/rp2_common/hardware_i2c/i2c.c.obj
                0x1000488c                i2c_write_blocking_until
 .text.i2c_read_blocking_until
                0x100048ca       0x3e CMakeFiles/picoI2c.dir/C_/Users/m3925/Documents/Pico/pico-sdk/src/rp2_common/hardware_i2c/i2c.c.obj
                0x100048ca                i2c_read_blocking_until
 .text.strlen   0x10004908       0x5c c:/progra~2/gnuarm~1/102021~1.10/bin/../lib/gcc/arm-none-eabi/10.3.1/../../../../arm-none-eabi/lib/thumb/v6-m/nofp\libg.a(lib_a-strlen-stub.o)
                0x10004908                strlen
 *(.fini)
 .fini          0x10004964        0x4 c:/progra~2/gnuarm~1/102021~1.10/bin/../lib/gcc/arm-none-eabi/10.3.1/thumb/v6-m/nofp/crti.o
                0x10004964                _fini
 .fini.__stub   0x10004968       0x50 linker stubs
 *crtbegin.o(.ctors)
 *crtbegin?.o(.ctors)
 *(EXCLUDE_FILE(*crtend.o *crtend?.o) .ctors)
 *(SORT_BY_NAME(.ctors.*))
 *(.ctors)
 *crtbegin.o(.dtors)
 *crtbegin?.o(.dtors)
 *(EXCLUDE_FILE(*crtend.o *crtend?.o) .dtors)
 *(SORT_BY_NAME(.dtors.*))
 *(.dtors)
 *(.eh_frame*)
 .eh_frame      0x100049b8        0x0 c:/progra~2/gnuarm~1/102021~1.10/bin/../lib/gcc/arm-none-eabi/10.3.1/thumb/v6-m/nofp/crtbegin.o
                0x100049b8                . = ALIGN (0x4)

.glue_7         0x100049b8        0x0
 .glue_7        0x100049b8        0x0 linker stubs

.glue_7t        0x100049b8        0x0
 .glue_7t       0x100049b8        0x0 linker stubs

.vfp11_veneer   0x100049b8        0x0
 .vfp11_veneer  0x100049b8        0x0 linker stubs

.v4_bx          0x100049b8        0x0
 .v4_bx         0x100049b8        0x0 linker stubs

.iplt           0x100049b8        0x0
 .iplt          0x100049b8        0x0 c:/progra~2/gnuarm~1/102021~1.10/bin/../lib/gcc/arm-none-eabi/10.3.1/thumb/v6-m/nofp/crtbegin.o

.rodata         0x100049b8     0x10b8
 *(EXCLUDE_FILE(*libm.a: *libc.a:*lib_a-mem*.o *libgcc.a:) .rodata*)
 .rodata.main.str1.4
                0x100049b8       0x6a CMakeFiles/picoI2c.dir/picoI2c.c.obj
 *fill*         0x10004a22        0x2 
 .rodata.LPS25HB_write.str1.4
                0x10004a24       0xac CMakeFiles/picoI2c.dir/LPS25HB.c.obj
 .rodata.LPS25HB_read.str1.4
                0x10004ad0       0x12 CMakeFiles/picoI2c.dir/LPS25HB.c.obj
 *fill*         0x10004ae2        0x2 
 .rodata.__func__.0
                0x10004ae4       0x15 CMakeFiles/picoI2c.dir/LPS25HB.c.obj
 *fill*         0x10004af9        0x3 
 .rodata.make_branch.str1.4
                0x10004afc       0x79 CMakeFiles/picoI2c.dir/C_/Users/m3925/Documents/Pico/pico-sdk/src/rp2_common/hardware_irq/irq.c.obj
 *fill*         0x10004b75        0x3 
 .rodata.insert_branch_and_link.str1.4
                0x10004b78       0x10 CMakeFiles/picoI2c.dir/C_/Users/m3925/Documents/Pico/pico-sdk/src/rp2_common/hardware_irq/irq.c.obj
 .rodata.irq_set_exclusive_handler.str1.4
                0x10004b88       0x36 CMakeFiles/picoI2c.dir/C_/Users/m3925/Documents/Pico/pico-sdk/src/rp2_common/hardware_irq/irq.c.obj
 *fill*         0x10004bbe        0x2 
 .rodata.irq_add_shared_handler.str1.4
                0x10004bc0       0xd9 CMakeFiles/picoI2c.dir/C_/Users/m3925/Documents/Pico/pico-sdk/src/rp2_common/hardware_irq/irq.c.obj
 *fill*         0x10004c99        0x3 
 .rodata.irq_remove_handler.str1.4
                0x10004c9c       0x2a CMakeFiles/picoI2c.dir/C_/Users/m3925/Documents/Pico/pico-sdk/src/rp2_common/hardware_irq/irq.c.obj
 *fill*         0x10004cc6        0x2 
 .rodata.irq_add_tail_to_free_list.str1.4
                0x10004cc8       0x3a CMakeFiles/picoI2c.dir/C_/Users/m3925/Documents/Pico/pico-sdk/src/rp2_common/hardware_irq/irq.c.obj
 *fill*         0x10004d02        0x2 
 .rodata.__func__.0
                0x10004d04       0x1a CMakeFiles/picoI2c.dir/C_/Users/m3925/Documents/Pico/pico-sdk/src/rp2_common/hardware_irq/irq.c.obj
 *fill*         0x10004d1e        0x2 
 .rodata.__func__.1
                0x10004d20       0x17 CMakeFiles/picoI2c.dir/C_/Users/m3925/Documents/Pico/pico-sdk/src/rp2_common/hardware_irq/irq.c.obj
 *fill*         0x10004d37        0x1 
 .rodata.__func__.2
                0x10004d38       0x13 CMakeFiles/picoI2c.dir/C_/Users/m3925/Documents/Pico/pico-sdk/src/rp2_common/hardware_irq/irq.c.obj
 *fill*         0x10004d4b        0x1 
 .rodata.__func__.3
                0x10004d4c        0xc CMakeFiles/picoI2c.dir/C_/Users/m3925/Documents/Pico/pico-sdk/src/rp2_common/hardware_irq/irq.c.obj
 .rodata.__func__.4
                0x10004d58        0xf CMakeFiles/picoI2c.dir/C_/Users/m3925/Documents/Pico/pico-sdk/src/rp2_common/hardware_irq/irq.c.obj
 *fill*         0x10004d67        0x1 
 .rodata.__func__.6
                0x10004d68       0x1a CMakeFiles/picoI2c.dir/C_/Users/m3925/Documents/Pico/pico-sdk/src/rp2_common/hardware_irq/irq.c.obj
 *fill*         0x10004d82        0x2 
 .rodata.repeating_timer_callback.str1.4
                0x10004d84       0x57 CMakeFiles/picoI2c.dir/C_/Users/m3925/Documents/Pico/pico-sdk/src/common/pico_time/time.c.obj
 *fill*         0x10004ddb        0x1 
 .rodata.alarm_pool_dump_key.str1.4
                0x10004ddc       0x33 CMakeFiles/picoI2c.dir/C_/Users/m3925/Documents/Pico/pico-sdk/src/common/pico_time/time.c.obj
 *fill*         0x10004e0f        0x1 
 .rodata.ph_add_child_node.str1.4
                0x10004e10       0xa2 CMakeFiles/picoI2c.dir/C_/Users/m3925/Documents/Pico/pico-sdk/src/common/pico_time/time.c.obj
 *fill*         0x10004eb2        0x2 
 .rodata.add_alarm_under_lock.str1.4
                0x10004eb4       0x28 CMakeFiles/picoI2c.dir/C_/Users/m3925/Documents/Pico/pico-sdk/src/common/pico_time/time.c.obj
                                 0x2b (size before relaxing)
 .rodata.alarm_pool_alarm_callback.str1.4
                0x10004edc       0x82 CMakeFiles/picoI2c.dir/C_/Users/m3925/Documents/Pico/pico-sdk/src/common/pico_time/time.c.obj
                                 0xf2 (size before relaxing)
 *fill*         0x10004f5e        0x2 
 .rodata.alarm_pool_get_default.str1.4
                0x10004f60       0x21 CMakeFiles/picoI2c.dir/C_/Users/m3925/Documents/Pico/pico-sdk/src/common/pico_time/time.c.obj
 *fill*         0x10004f81        0x3 
 .rodata.sleep_until.str1.4
                0x10004f84       0x4d CMakeFiles/picoI2c.dir/C_/Users/m3925/Documents/Pico/pico-sdk/src/common/pico_time/time.c.obj
 *fill*         0x10004fd1        0x3 
 .rodata.__func__.10
                0x10004fd4       0x15 CMakeFiles/picoI2c.dir/C_/Users/m3925/Documents/Pico/pico-sdk/src/common/pico_time/time.c.obj
 *fill*         0x10004fe9        0x3 
 .rodata.__func__.11
                0x10004fec       0x1a CMakeFiles/picoI2c.dir/C_/Users/m3925/Documents/Pico/pico-sdk/src/common/pico_time/time.c.obj
 *fill*         0x10005006        0x2 
 .rodata.__func__.12
                0x10005008        0xa CMakeFiles/picoI2c.dir/C_/Users/m3925/Documents/Pico/pico-sdk/src/common/pico_time/time.c.obj
 *fill*         0x10005012        0x2 
 .rodata.__func__.3
                0x10005014       0x17 CMakeFiles/picoI2c.dir/C_/Users/m3925/Documents/Pico/pico-sdk/src/common/pico_time/time.c.obj
 *fill*         0x1000502b        0x1 
 .rodata.__func__.4
                0x1000502c       0x12 CMakeFiles/picoI2c.dir/C_/Users/m3925/Documents/Pico/pico-sdk/src/common/pico_time/time.c.obj
 *fill*         0x1000503e        0x2 
 .rodata.__func__.5
                0x10005040        0xd CMakeFiles/picoI2c.dir/C_/Users/m3925/Documents/Pico/pico-sdk/src/common/pico_time/time.c.obj
 *fill*         0x1000504d        0x3 
 .rodata.__func__.6
                0x10005050       0x12 CMakeFiles/picoI2c.dir/C_/Users/m3925/Documents/Pico/pico-sdk/src/common/pico_time/time.c.obj
 *fill*         0x10005062        0x2 
 .rodata.__func__.7
                0x10005064        0xf CMakeFiles/picoI2c.dir/C_/Users/m3925/Documents/Pico/pico-sdk/src/common/pico_time/time.c.obj
 *fill*         0x10005073        0x1 
 .rodata.__func__.8
                0x10005074        0xc CMakeFiles/picoI2c.dir/C_/Users/m3925/Documents/Pico/pico-sdk/src/common/pico_time/time.c.obj
 .rodata.__func__.9
                0x10005080       0x15 CMakeFiles/picoI2c.dir/C_/Users/m3925/Documents/Pico/pico-sdk/src/common/pico_time/time.c.obj
 *fill*         0x10005095        0x3 
 .rodata.hardware_alarm_claim.str1.4
                0x10005098       0x22 CMakeFiles/picoI2c.dir/C_/Users/m3925/Documents/Pico/pico-sdk/src/rp2_common/hardware_timer/timer.c.obj
 *fill*         0x100050ba        0x2 
 .rodata.hardware_alarm_set_target.str1.4
                0x100050bc       0x71 CMakeFiles/picoI2c.dir/C_/Users/m3925/Documents/Pico/pico-sdk/src/rp2_common/hardware_timer/timer.c.obj
 *fill*         0x1000512d        0x3 
 .rodata.__func__.0
                0x10005130       0x1a CMakeFiles/picoI2c.dir/C_/Users/m3925/Documents/Pico/pico-sdk/src/rp2_common/hardware_timer/timer.c.obj
 .rodata.ph_add_child_node.str1.4
                0x1000514a       0xa2 CMakeFiles/picoI2c.dir/C_/Users/m3925/Documents/Pico/pico-sdk/src/common/pico_util/pheap.c.obj
 *fill*         0x1000514a        0x2 
 .rodata.ph_remove_any_head.str1.4
                0x1000514c       0x98 CMakeFiles/picoI2c.dir/C_/Users/m3925/Documents/Pico/pico-sdk/src/common/pico_util/pheap.c.obj
 .rodata.ph_remove_and_free_node.str1.4
                0x100051e4       0x1e CMakeFiles/picoI2c.dir/C_/Users/m3925/Documents/Pico/pico-sdk/src/common/pico_util/pheap.c.obj
                                 0x26 (size before relaxing)
 *fill*         0x10005202        0x2 
 .rodata.__func__.0
                0x10005204       0x18 CMakeFiles/picoI2c.dir/C_/Users/m3925/Documents/Pico/pico-sdk/src/common/pico_util/pheap.c.obj
 .rodata.__func__.1
                0x1000521c       0x13 CMakeFiles/picoI2c.dir/C_/Users/m3925/Documents/Pico/pico-sdk/src/common/pico_util/pheap.c.obj
 *fill*         0x1000522f        0x1 
 .rodata.__func__.2
                0x10005230       0x12 CMakeFiles/picoI2c.dir/C_/Users/m3925/Documents/Pico/pico-sdk/src/common/pico_util/pheap.c.obj
 *fill*         0x10005242        0x2 
 .rodata.__func__.3
                0x10005244        0xc CMakeFiles/picoI2c.dir/C_/Users/m3925/Documents/Pico/pico-sdk/src/common/pico_util/pheap.c.obj
 .rodata.str1.4
                0x10005250       0x95 CMakeFiles/picoI2c.dir/C_/Users/m3925/Documents/Pico/pico-sdk/src/common/pico_sync/mutex.c.obj
                                0x105 (size before relaxing)
 *fill*         0x100052e5        0x3 
 .rodata.__func__.1
                0x100052e8        0xb CMakeFiles/picoI2c.dir/C_/Users/m3925/Documents/Pico/pico-sdk/src/common/pico_sync/mutex.c.obj
 *fill*         0x100052f3        0x1 
 .rodata.__assert_func.str1.4
                0x100052f4       0x3f CMakeFiles/picoI2c.dir/C_/Users/m3925/Documents/Pico/pico-sdk/src/rp2_common/pico_runtime/runtime.c.obj
                                 0x43 (size before relaxing)
 *fill*         0x10005333        0x1 
 .rodata.runtime_init.str1.4
                0x10005334       0x6d CMakeFiles/picoI2c.dir/C_/Users/m3925/Documents/Pico/pico-sdk/src/rp2_common/pico_runtime/runtime.c.obj
 *fill*         0x100053a1        0x3 
 .rodata.panic.str1.4
                0x100053a4       0x12 CMakeFiles/picoI2c.dir/C_/Users/m3925/Documents/Pico/pico-sdk/src/rp2_common/pico_runtime/runtime.c.obj
 *fill*         0x100053b6        0x2 
 .rodata.__func__.1
                0x100053b8        0xd CMakeFiles/picoI2c.dir/C_/Users/m3925/Documents/Pico/pico-sdk/src/rp2_common/pico_runtime/runtime.c.obj
 *fill*         0x100053c5        0x3 
 .rodata.clock_configure.str1.4
                0x100053c8       0x63 CMakeFiles/picoI2c.dir/C_/Users/m3925/Documents/Pico/pico-sdk/src/rp2_common/hardware_clocks/clocks.c.obj
 *fill*         0x1000542b        0x1 
 .rodata.__func__.1
                0x1000542c       0x10 CMakeFiles/picoI2c.dir/C_/Users/m3925/Documents/Pico/pico-sdk/src/rp2_common/hardware_clocks/clocks.c.obj
 .rodata.pll_init.str1.4
                0x1000543c      0x147 CMakeFiles/picoI2c.dir/C_/Users/m3925/Documents/Pico/pico-sdk/src/rp2_common/hardware_pll/pll.c.obj
 *fill*         0x10005583        0x1 
 .rodata.__func__.0
                0x10005584        0x9 CMakeFiles/picoI2c.dir/C_/Users/m3925/Documents/Pico/pico-sdk/src/rp2_common/hardware_pll/pll.c.obj
 *fill*         0x1000558d        0x3 
 .rodata._ftoa.str1.4
                0x10005590       0x15 CMakeFiles/picoI2c.dir/C_/Users/m3925/Documents/Pico/pico-sdk/src/rp2_common/pico_printf/printf.c.obj
 *fill*         0x100055a5        0x3 
 .rodata._vsnprintf
                0x100055a8      0x1e0 CMakeFiles/picoI2c.dir/C_/Users/m3925/Documents/Pico/pico-sdk/src/rp2_common/pico_printf/printf.c.obj
 .rodata.pow10.0
                0x10005788       0x50 CMakeFiles/picoI2c.dir/C_/Users/m3925/Documents/Pico/pico-sdk/src/rp2_common/pico_printf/printf.c.obj
 .rodata.__aeabi_double_init.str1.4
                0x100057d8       0xb4 CMakeFiles/picoI2c.dir/C_/Users/m3925/Documents/Pico/pico-sdk/src/rp2_common/pico_double/double_init_rom.c.obj
 .rodata.__func__.0
                0x1000588c       0x14 CMakeFiles/picoI2c.dir/C_/Users/m3925/Documents/Pico/pico-sdk/src/rp2_common/pico_double/double_init_rom.c.obj
 .rodata.__aeabi_float_init.str1.4
                0x100058a0       0x86 CMakeFiles/picoI2c.dir/C_/Users/m3925/Documents/Pico/pico-sdk/src/rp2_common/pico_float/float_init_rom.c.obj
                                 0x8a (size before relaxing)
 *fill*         0x10005926        0x2 
 .rodata.__func__.0
                0x10005928       0x13 CMakeFiles/picoI2c.dir/C_/Users/m3925/Documents/Pico/pico-sdk/src/rp2_common/pico_float/float_init_rom.c.obj
 *fill*         0x1000593b        0x1 
 .rodata.str1.4
                0x1000593c       0x40 CMakeFiles/picoI2c.dir/C_/Users/m3925/Documents/Pico/pico-sdk/src/rp2_common/pico_standard_link/binary_info.c.obj
 .rodata.__bi_44
                0x1000597c        0xc CMakeFiles/picoI2c.dir/C_/Users/m3925/Documents/Pico/pico-sdk/src/rp2_common/pico_standard_link/binary_info.c.obj
 .rodata.__bi_56
                0x10005988        0xc CMakeFiles/picoI2c.dir/C_/Users/m3925/Documents/Pico/pico-sdk/src/rp2_common/pico_standard_link/binary_info.c.obj
 .rodata.__bi_75
                0x10005994        0xc CMakeFiles/picoI2c.dir/C_/Users/m3925/Documents/Pico/pico-sdk/src/rp2_common/pico_standard_link/binary_info.c.obj
 .rodata.__bi_81
                0x100059a0        0xc CMakeFiles/picoI2c.dir/C_/Users/m3925/Documents/Pico/pico-sdk/src/rp2_common/pico_standard_link/binary_info.c.obj
 .rodata.crlf_str.3
                0x100059ac        0x2 CMakeFiles/picoI2c.dir/C_/Users/m3925/Documents/Pico/pico-sdk/src/rp2_common/pico_stdio/stdio.c.obj
 *fill*         0x100059ae        0x2 
 .rodata.str1.4
                0x100059b0       0x2c CMakeFiles/picoI2c.dir/C_/Users/m3925/Documents/Pico/pico-sdk/src/rp2_common/pico_stdio_uart/stdio_uart.c.obj
 .rodata.__bi_28.4
                0x100059dc        0xc CMakeFiles/picoI2c.dir/C_/Users/m3925/Documents/Pico/pico-sdk/src/rp2_common/pico_stdio_uart/stdio_uart.c.obj
 .rodata.__bi_29.5
                0x100059e8        0x8 CMakeFiles/picoI2c.dir/C_/Users/m3925/Documents/Pico/pico-sdk/src/rp2_common/pico_stdio_uart/stdio_uart.c.obj
 .rodata.i2c_set_baudrate.str1.4
                0x100059f0       0x69 CMakeFiles/picoI2c.dir/C_/Users/m3925/Documents/Pico/pico-sdk/src/rp2_common/hardware_i2c/i2c.c.obj
 *fill*         0x10005a59        0x3 
 .rodata.__func__.0
                0x10005a5c       0x11 CMakeFiles/picoI2c.dir/C_/Users/m3925/Documents/Pico/pico-sdk/src/rp2_common/hardware_i2c/i2c.c.obj
                0x10005a70                . = ALIGN (0x4)
 *fill*         0x10005a6d        0x3 
 *(SORT_BY_ALIGNMENT(SORT_BY_NAME(.flashdata*)))
                0x10005a70                . = ALIGN (0x4)

.rel.dyn        0x10005a70        0x0
 .rel.iplt      0x10005a70        0x0 c:/progra~2/gnuarm~1/102021~1.10/bin/../lib/gcc/arm-none-eabi/10.3.1/thumb/v6-m/nofp/crtbegin.o

.ARM.extab
 *(.ARM.extab* .gnu.linkonce.armextab.*)
                0x10005a70                __exidx_start = .

.ARM.exidx
 *(.ARM.exidx* .gnu.linkonce.armexidx.*)
                0x10005a70                __exidx_end = .
                0x10005a70                . = ALIGN (0x4)
                0x10005a70                __binary_info_start = .

.binary_info    0x10005a70       0x28
 *(.binary_info.keep.*)
 .binary_info.keep.__bi_ptr22
                0x10005a70        0x4 CMakeFiles/picoI2c.dir/C_/Users/m3925/Documents/Pico/pico-sdk/src/rp2_common/pico_standard_link/binary_info.c.obj
 .binary_info.keep.__bi_ptr30
                0x10005a74        0x4 CMakeFiles/picoI2c.dir/C_/Users/m3925/Documents/Pico/pico-sdk/src/rp2_common/pico_standard_link/binary_info.c.obj
 .binary_info.keep.__bi_ptr38
                0x10005a78        0x4 CMakeFiles/picoI2c.dir/C_/Users/m3925/Documents/Pico/pico-sdk/src/rp2_common/pico_standard_link/binary_info.c.obj
 .binary_info.keep.__bi_ptr44
                0x10005a7c        0x4 CMakeFiles/picoI2c.dir/C_/Users/m3925/Documents/Pico/pico-sdk/src/rp2_common/pico_standard_link/binary_info.c.obj
 .binary_info.keep.__bi_ptr50
                0x10005a80        0x4 CMakeFiles/picoI2c.dir/C_/Users/m3925/Documents/Pico/pico-sdk/src/rp2_common/pico_standard_link/binary_info.c.obj
 .binary_info.keep.__bi_ptr56
                0x10005a84        0x4 CMakeFiles/picoI2c.dir/C_/Users/m3925/Documents/Pico/pico-sdk/src/rp2_common/pico_standard_link/binary_info.c.obj
 .binary_info.keep.__bi_ptr75
                0x10005a88        0x4 CMakeFiles/picoI2c.dir/C_/Users/m3925/Documents/Pico/pico-sdk/src/rp2_common/pico_standard_link/binary_info.c.obj
 .binary_info.keep.__bi_ptr81
                0x10005a8c        0x4 CMakeFiles/picoI2c.dir/C_/Users/m3925/Documents/Pico/pico-sdk/src/rp2_common/pico_standard_link/binary_info.c.obj
 *(.binary_info.*)
 .binary_info.__bi_ptr28
                0x10005a90        0x4 CMakeFiles/picoI2c.dir/C_/Users/m3925/Documents/Pico/pico-sdk/src/rp2_common/pico_stdio_uart/stdio_uart.c.obj
 .binary_info.__bi_ptr29
                0x10005a94        0x4 CMakeFiles/picoI2c.dir/C_/Users/m3925/Documents/Pico/pico-sdk/src/rp2_common/pico_stdio_uart/stdio_uart.c.obj
                0x10005a98                __binary_info_end = .
                0x10005a98                . = ALIGN (0x4)
                0x10005a98                __etext = .

.ram_vector_table
                0x20000000       0xc0
 *(.ram_vector_table)
 .ram_vector_table
                0x20000000       0xc0 CMakeFiles/picoI2c.dir/C_/Users/m3925/Documents/Pico/pico-sdk/src/rp2_common/pico_runtime/runtime.c.obj
                0x20000000                ram_vector_table

.data           0x200000c0      0x1c8 load address 0x10005a98
                0x200000c0                __data_start__ = .
 *(vtable)
 *(.time_critical*)
 .time_critical.mutex_enter_blocking
                0x200000c0       0x48 CMakeFiles/picoI2c.dir/C_/Users/m3925/Documents/Pico/pico-sdk/src/common/pico_sync/mutex.c.obj
                0x200000c0                mutex_enter_blocking
 .time_critical.mutex_try_enter
                0x20000108       0x46 CMakeFiles/picoI2c.dir/C_/Users/m3925/Documents/Pico/pico-sdk/src/common/pico_sync/mutex.c.obj
                0x20000108                mutex_try_enter
 *fill*         0x2000014e        0x2 
 .time_critical.mutex_exit
                0x20000150       0x4c CMakeFiles/picoI2c.dir/C_/Users/m3925/Documents/Pico/pico-sdk/src/common/pico_sync/mutex.c.obj
                0x20000150                mutex_exit
 *(.text*)
 .text          0x2000019c        0x4 c:/progra~2/gnuarm~1/102021~1.10/bin/../lib/gcc/arm-none-eabi/10.3.1/thumb/v6-m/nofp\libgcc.a(_dvmd_tls.o)
                0x2000019c                __aeabi_idiv0
                0x2000019c                __aeabi_ldiv0
 .text.__stub   0x200001a0       0x10 linker stubs
                0x200001b0                . = ALIGN (0x4)
 *(.rodata*)
                0x200001b0                . = ALIGN (0x4)
 *(.data*)
 .data.striped_spin_lock_num
                0x200001b0        0x1 CMakeFiles/picoI2c.dir/C_/Users/m3925/Documents/Pico/pico-sdk/src/rp2_common/hardware_sync/sync.c.obj
 *fill*         0x200001b1        0x3 
 .data          0x200001b4       0x48 CMakeFiles/picoI2c.dir/C_/Users/m3925/Documents/Pico/pico-sdk/src/rp2_common/hardware_irq/irq_handler_chain.S.obj
                0x200001b4                irq_handler_chain_slots
                0x200001e4                irq_handler_chain_first_slot
                0x200001ee                irq_handler_chain_remove_tail
 .data.default_alarm_pool
                0x200001fc       0x18 CMakeFiles/picoI2c.dir/C_/Users/m3925/Documents/Pico/pico-sdk/src/common/pico_time/time.c.obj
 .data.default_alarm_pool_heap
                0x20000214       0x10 CMakeFiles/picoI2c.dir/C_/Users/m3925/Documents/Pico/pico-sdk/src/common/pico_time/time.c.obj
 *fill*         0x20000224        0xc 
 .data.aeabi_bits_funcs
                0x20000230       0x10 CMakeFiles/picoI2c.dir/C_/Users/m3925/Documents/Pico/pico-sdk/src/rp2_common/pico_bit_ops/bit_ops_aeabi.S.obj
                0x20000230                aeabi_bits_funcs
                0x20000240                aeabi_bits_funcs_end
 .data.aeabi_mem_funcs
                0x20000240       0x10 CMakeFiles/picoI2c.dir/C_/Users/m3925/Documents/Pico/pico-sdk/src/rp2_common/pico_mem_ops/mem_ops_aeabi.S.obj
                0x20000240                aeabi_mem_funcs
                0x20000250                aeabi_mem_funcs_end
 .data.stdio_uart
                0x20000250       0x14 CMakeFiles/picoI2c.dir/C_/Users/m3925/Documents/Pico/pico-sdk/src/rp2_common/pico_stdio_uart/stdio_uart.c.obj
                0x20000250                stdio_uart
 .data.i2c0_inst
                0x20000264        0x8 CMakeFiles/picoI2c.dir/C_/Users/m3925/Documents/Pico/pico-sdk/src/rp2_common/hardware_i2c/i2c.c.obj
                0x20000264                i2c0_inst
                0x2000026c                . = ALIGN (0x4)
 *(.after_data.*)
                0x2000026c                . = ALIGN (0x4)
                0x2000026c                PROVIDE (__mutex_array_start = .)
 *(SORT_BY_NAME(.mutex_array.*))
 *(.mutex_array)
 .mutex_array   0x2000026c        0x8 CMakeFiles/picoI2c.dir/C_/Users/m3925/Documents/Pico/pico-sdk/src/rp2_common/pico_stdio/stdio.c.obj
                0x20000274                PROVIDE (__mutex_array_end = .)
                0x20000274                . = ALIGN (0x4)
                0x20000274                PROVIDE (__preinit_array_start = .)
 *(SORT_BY_NAME(.preinit_array.*))
 .preinit_array.00001
                0x20000274        0x4 CMakeFiles/picoI2c.dir/C_/Users/m3925/Documents/Pico/pico-sdk/src/rp2_common/pico_mem_ops/mem_ops_aeabi.S.obj
 .preinit_array.00010
                0x20000278        0x4 CMakeFiles/picoI2c.dir/C_/Users/m3925/Documents/Pico/pico-sdk/src/rp2_common/pico_bit_ops/bit_ops_aeabi.S.obj
 .preinit_array.00020
                0x2000027c        0x4 CMakeFiles/picoI2c.dir/C_/Users/m3925/Documents/Pico/pico-sdk/src/rp2_common/pico_double/double_aeabi.S.obj
 .preinit_array.00020
                0x20000280        0x4 CMakeFiles/picoI2c.dir/C_/Users/m3925/Documents/Pico/pico-sdk/src/rp2_common/pico_float/float_aeabi.S.obj
 *(.preinit_array)
                0x20000284                PROVIDE (__preinit_array_end = .)
                0x20000284                . = ALIGN (0x4)
                0x20000284                PROVIDE (__init_array_start = .)
 *(SORT_BY_NAME(.init_array.*))
 *(.init_array)
 .init_array    0x20000284        0x4 c:/progra~2/gnuarm~1/102021~1.10/bin/../lib/gcc/arm-none-eabi/10.3.1/thumb/v6-m/nofp/crtbegin.o
                0x20000288                PROVIDE (__init_array_end = .)
                0x20000288                . = ALIGN (0x4)
                [!provide]                PROVIDE (__fini_array_start = .)
 *(SORT_BY_NAME(.fini_array.*))
 *(.fini_array)
                [!provide]                PROVIDE (__fini_array_end = .)
 *(.jcr)
                0x20000288                . = ALIGN (0x4)
                0x20000288                __data_end__ = .

.igot.plt       0x20000288        0x0 load address 0x10005c60
 .igot.plt      0x20000288        0x0 c:/progra~2/gnuarm~1/102021~1.10/bin/../lib/gcc/arm-none-eabi/10.3.1/thumb/v6-m/nofp/crtbegin.o

.uninitialized_data
                0x20000288        0x0 load address 0x10005c60
                0x20000288                . = ALIGN (0x4)
 *(.uninitialized_data*)

.scratch_x      0x20040000        0x0 load address 0x10005c60
                0x20040000                __scratch_x_start__ = .
 *(.scratch_x.*)
                0x20040000                . = ALIGN (0x4)
                0x20040000                __scratch_x_end__ = .
                0x10005c60                __scratch_x_source__ = LOADADDR (.scratch_x)

.scratch_y      0x20041000        0x0 load address 0x10005c60
                0x20041000                __scratch_y_start__ = .
 *(.scratch_y.*)
                0x20041000                . = ALIGN (0x4)
                0x20041000                __scratch_y_end__ = .
                0x10005c60                __scratch_y_source__ = LOADADDR (.scratch_y)

.bss            0x20000288      0x3d0
                0x20000288                . = ALIGN (0x4)
                0x20000288                __bss_start__ = .
 *(SORT_BY_ALIGNMENT(SORT_BY_NAME(.bss*)))
 .bss.default_alarm_pool_entries
                0x20000288      0x100 CMakeFiles/picoI2c.dir/C_/Users/m3925/Documents/Pico/pico-sdk/src/common/pico_time/time.c.obj
 .bss           0x20000388       0x1c c:/progra~2/gnuarm~1/102021~1.10/bin/../lib/gcc/arm-none-eabi/10.3.1/thumb/v6-m/nofp/crtbegin.o
 .bss.alarm_callbacks
                0x200003a4       0x10 CMakeFiles/picoI2c.dir/C_/Users/m3925/Documents/Pico/pico-sdk/src/rp2_common/hardware_timer/timer.c.obj
 .bss.configured_freq
                0x200003b4       0x28 CMakeFiles/picoI2c.dir/C_/Users/m3925/Documents/Pico/pico-sdk/src/rp2_common/hardware_clocks/clocks.c.obj
 .bss.default_alarm_pool_entry_ids_high
                0x200003dc       0x10 CMakeFiles/picoI2c.dir/C_/Users/m3925/Documents/Pico/pico-sdk/src/common/pico_time/time.c.obj
 .bss.default_alarm_pool_heap_nodes
                0x200003ec       0x30 CMakeFiles/picoI2c.dir/C_/Users/m3925/Documents/Pico/pico-sdk/src/common/pico_time/time.c.obj
 .bss.drivers   0x2000041c        0x4 CMakeFiles/picoI2c.dir/C_/Users/m3925/Documents/Pico/pico-sdk/src/rp2_common/pico_stdio/stdio.c.obj
 .bss.filter    0x20000420        0x4 CMakeFiles/picoI2c.dir/C_/Users/m3925/Documents/Pico/pico-sdk/src/rp2_common/pico_stdio/stdio.c.obj
 .bss.pools     0x20000424       0x10 CMakeFiles/picoI2c.dir/C_/Users/m3925/Documents/Pico/pico-sdk/src/common/pico_time/time.c.obj
 .bss.sd_table  0x20000434      0x100 CMakeFiles/picoI2c.dir/C_/Users/m3925/Documents/Pico/pico-sdk/src/rp2_common/pico_double/double_init_rom.c.obj
                0x20000434                sd_table
 .bss.sf_clz_func
                0x20000534        0x4 CMakeFiles/picoI2c.dir/C_/Users/m3925/Documents/Pico/pico-sdk/src/rp2_common/pico_double/double_init_rom.c.obj
                0x20000534                sf_clz_func
 .bss.sf_table  0x20000538      0x100 CMakeFiles/picoI2c.dir/C_/Users/m3925/Documents/Pico/pico-sdk/src/rp2_common/pico_float/float_init_rom.c.obj
                0x20000538                sf_table
 .bss.sleep_notifier
                0x20000638        0x4 CMakeFiles/picoI2c.dir/C_/Users/m3925/Documents/Pico/pico-sdk/src/common/pico_time/time.c.obj
 .bss.target_hi
                0x2000063c       0x10 CMakeFiles/picoI2c.dir/C_/Users/m3925/Documents/Pico/pico-sdk/src/rp2_common/hardware_timer/timer.c.obj
 .bss.uart_char_to_line_feed
                0x2000064c        0x4 CMakeFiles/picoI2c.dir/C_/Users/m3925/Documents/Pico/pico-sdk/src/rp2_common/hardware_uart/uart.c.obj
                0x2000064c                uart_char_to_line_feed
 .bss.uart_instance
                0x20000650        0x4 CMakeFiles/picoI2c.dir/C_/Users/m3925/Documents/Pico/pico-sdk/src/rp2_common/pico_stdio_uart/stdio_uart.c.obj
 .bss.claimed   0x20000654        0x1 CMakeFiles/picoI2c.dir/C_/Users/m3925/Documents/Pico/pico-sdk/src/rp2_common/hardware_timer/timer.c.obj
 .bss.irq_hander_chain_free_slot_head
                0x20000655        0x1 CMakeFiles/picoI2c.dir/C_/Users/m3925/Documents/Pico/pico-sdk/src/rp2_common/hardware_irq/irq.c.obj
 .bss.timer_callbacks_pending
                0x20000656        0x1 CMakeFiles/picoI2c.dir/C_/Users/m3925/Documents/Pico/pico-sdk/src/rp2_common/hardware_timer/timer.c.obj
 *(COMMON)
                0x20000658                . = ALIGN (0x4)
 *fill*         0x20000657        0x1 
                0x20000658                __bss_end__ = .

.heap           0x20000658      0x800
                0x20000658                __end__ = .
                0x20000658                end = __end__
 *(.heap*)
 .heap          0x20000658      0x800 CMakeFiles/picoI2c.dir/C_/Users/m3925/Documents/Pico/pico-sdk/src/rp2_common/pico_standard_link/crt0.S.obj
                0x20000e58                __HeapLimit = .

.stack1_dummy   0x20040000        0x0
 *(.stack1*)

.stack_dummy    0x20041000      0x800
 *(.stack*)
 .stack         0x20041000      0x800 CMakeFiles/picoI2c.dir/C_/Users/m3925/Documents/Pico/pico-sdk/src/rp2_common/pico_standard_link/crt0.S.obj

.flash_end      0x10005c60        0x0
                0x10005c60                __flash_binary_end = .
                0x20040000                __StackLimit = (ORIGIN (RAM) + LENGTH (RAM))
                0x20041000                __StackOneTop = (ORIGIN (SCRATCH_X) + LENGTH (SCRATCH_X))
                0x20042000                __StackTop = (ORIGIN (SCRATCH_Y) + LENGTH (SCRATCH_Y))
                0x20041000                __StackOneBottom = (__StackOneTop - SIZEOF (.stack1_dummy))
                0x20041800                __StackBottom = (__StackTop - SIZEOF (.stack_dummy))
                0x20042000                PROVIDE (__stack = __StackTop)
                0x00000001                ASSERT ((__StackLimit >= __HeapLimit), region RAM overflowed)
                0x00000001                ASSERT (((__binary_info_header_end - __logical_binary_start) <= 0x100), Binary info must be in first 256 bytes of the binary)
LOAD CMakeFiles/picoI2c.dir/picoI2c.c.obj
LOAD CMakeFiles/picoI2c.dir/LPS25HB.c.obj
LOAD CMakeFiles/picoI2c.dir/C_/Users/m3925/Documents/Pico/pico-sdk/src/rp2_common/pico_stdlib/stdlib.c.obj
LOAD CMakeFiles/picoI2c.dir/C_/Users/m3925/Documents/Pico/pico-sdk/src/rp2_common/hardware_gpio/gpio.c.obj
LOAD CMakeFiles/picoI2c.dir/C_/Users/m3925/Documents/Pico/pico-sdk/src/rp2_common/hardware_claim/claim.c.obj
LOAD CMakeFiles/picoI2c.dir/C_/Users/m3925/Documents/Pico/pico-sdk/src/rp2_common/pico_platform/platform.c.obj
LOAD CMakeFiles/picoI2c.dir/C_/Users/m3925/Documents/Pico/pico-sdk/src/rp2_common/hardware_sync/sync.c.obj
LOAD CMakeFiles/picoI2c.dir/C_/Users/m3925/Documents/Pico/pico-sdk/src/rp2_common/hardware_irq/irq.c.obj
LOAD CMakeFiles/picoI2c.dir/C_/Users/m3925/Documents/Pico/pico-sdk/src/rp2_common/hardware_irq/irq_handler_chain.S.obj
LOAD CMakeFiles/picoI2c.dir/C_/Users/m3925/Documents/Pico/pico-sdk/src/common/pico_sync/sem.c.obj
LOAD CMakeFiles/picoI2c.dir/C_/Users/m3925/Documents/Pico/pico-sdk/src/common/pico_sync/lock_core.c.obj
LOAD CMakeFiles/picoI2c.dir/C_/Users/m3925/Documents/Pico/pico-sdk/src/common/pico_time/time.c.obj
LOAD CMakeFiles/picoI2c.dir/C_/Users/m3925/Documents/Pico/pico-sdk/src/common/pico_time/timeout_helper.c.obj
LOAD CMakeFiles/picoI2c.dir/C_/Users/m3925/Documents/Pico/pico-sdk/src/rp2_common/hardware_timer/timer.c.obj
LOAD CMakeFiles/picoI2c.dir/C_/Users/m3925/Documents/Pico/pico-sdk/src/common/pico_util/datetime.c.obj
LOAD CMakeFiles/picoI2c.dir/C_/Users/m3925/Documents/Pico/pico-sdk/src/common/pico_util/pheap.c.obj
LOAD CMakeFiles/picoI2c.dir/C_/Users/m3925/Documents/Pico/pico-sdk/src/common/pico_util/queue.c.obj
LOAD CMakeFiles/picoI2c.dir/C_/Users/m3925/Documents/Pico/pico-sdk/src/common/pico_sync/mutex.c.obj
LOAD CMakeFiles/picoI2c.dir/C_/Users/m3925/Documents/Pico/pico-sdk/src/common/pico_sync/critical_section.c.obj
LOAD CMakeFiles/picoI2c.dir/C_/Users/m3925/Documents/Pico/pico-sdk/src/rp2_common/hardware_uart/uart.c.obj
LOAD CMakeFiles/picoI2c.dir/C_/Users/m3925/Documents/Pico/pico-sdk/src/rp2_common/hardware_divider/divider.S.obj
LOAD CMakeFiles/picoI2c.dir/C_/Users/m3925/Documents/Pico/pico-sdk/src/rp2_common/pico_runtime/runtime.c.obj
LOAD CMakeFiles/picoI2c.dir/C_/Users/m3925/Documents/Pico/pico-sdk/src/rp2_common/hardware_clocks/clocks.c.obj
LOAD CMakeFiles/picoI2c.dir/C_/Users/m3925/Documents/Pico/pico-sdk/src/rp2_common/hardware_pll/pll.c.obj
LOAD CMakeFiles/picoI2c.dir/C_/Users/m3925/Documents/Pico/pico-sdk/src/rp2_common/hardware_vreg/vreg.c.obj
LOAD CMakeFiles/picoI2c.dir/C_/Users/m3925/Documents/Pico/pico-sdk/src/rp2_common/hardware_watchdog/watchdog.c.obj
LOAD CMakeFiles/picoI2c.dir/C_/Users/m3925/Documents/Pico/pico-sdk/src/rp2_common/hardware_xosc/xosc.c.obj
LOAD CMakeFiles/picoI2c.dir/C_/Users/m3925/Documents/Pico/pico-sdk/src/rp2_common/pico_printf/printf.c.obj
LOAD CMakeFiles/picoI2c.dir/C_/Users/m3925/Documents/Pico/pico-sdk/src/rp2_common/pico_bit_ops/bit_ops_aeabi.S.obj
LOAD CMakeFiles/picoI2c.dir/C_/Users/m3925/Documents/Pico/pico-sdk/src/rp2_common/pico_bootrom/bootrom.c.obj
LOAD CMakeFiles/picoI2c.dir/C_/Users/m3925/Documents/Pico/pico-sdk/src/rp2_common/pico_divider/divider.S.obj
LOAD CMakeFiles/picoI2c.dir/C_/Users/m3925/Documents/Pico/pico-sdk/src/rp2_common/pico_double/double_aeabi.S.obj
LOAD CMakeFiles/picoI2c.dir/C_/Users/m3925/Documents/Pico/pico-sdk/src/rp2_common/pico_double/double_init_rom.c.obj
LOAD CMakeFiles/picoI2c.dir/C_/Users/m3925/Documents/Pico/pico-sdk/src/rp2_common/pico_double/double_math.c.obj
LOAD CMakeFiles/picoI2c.dir/C_/Users/m3925/Documents/Pico/pico-sdk/src/rp2_common/pico_double/double_v1_rom_shim.S.obj
LOAD CMakeFiles/picoI2c.dir/C_/Users/m3925/Documents/Pico/pico-sdk/src/rp2_common/pico_int64_ops/pico_int64_ops_aeabi.S.obj
LOAD CMakeFiles/picoI2c.dir/C_/Users/m3925/Documents/Pico/pico-sdk/src/rp2_common/pico_float/float_aeabi.S.obj
LOAD CMakeFiles/picoI2c.dir/C_/Users/m3925/Documents/Pico/pico-sdk/src/rp2_common/pico_float/float_init_rom.c.obj
LOAD CMakeFiles/picoI2c.dir/C_/Users/m3925/Documents/Pico/pico-sdk/src/rp2_common/pico_float/float_math.c.obj
LOAD CMakeFiles/picoI2c.dir/C_/Users/m3925/Documents/Pico/pico-sdk/src/rp2_common/pico_float/float_v1_rom_shim.S.obj
LOAD CMakeFiles/picoI2c.dir/C_/Users/m3925/Documents/Pico/pico-sdk/src/rp2_common/pico_malloc/pico_malloc.c.obj
LOAD CMakeFiles/picoI2c.dir/C_/Users/m3925/Documents/Pico/pico-sdk/src/rp2_common/pico_mem_ops/mem_ops_aeabi.S.obj
LOAD CMakeFiles/picoI2c.dir/C_/Users/m3925/Documents/Pico/pico-sdk/src/rp2_common/pico_standard_link/crt0.S.obj
LOAD CMakeFiles/picoI2c.dir/C_/Users/m3925/Documents/Pico/pico-sdk/src/rp2_common/pico_standard_link/new_delete.cpp.obj
LOAD CMakeFiles/picoI2c.dir/C_/Users/m3925/Documents/Pico/pico-sdk/src/rp2_common/pico_standard_link/binary_info.c.obj
LOAD CMakeFiles/picoI2c.dir/C_/Users/m3925/Documents/Pico/pico-sdk/src/rp2_common/pico_stdio/stdio.c.obj
LOAD CMakeFiles/picoI2c.dir/C_/Users/m3925/Documents/Pico/pico-sdk/src/rp2_common/pico_stdio_uart/stdio_uart.c.obj
LOAD CMakeFiles/picoI2c.dir/C_/Users/m3925/Documents/Pico/pico-sdk/src/rp2_common/hardware_i2c/i2c.c.obj
LOAD C:\Users\m3925\AppData\Local\Temp\cceApQih.o
LOAD c:/progra~2/gnuarm~1/102021~1.10/bin/../lib/gcc/arm-none-eabi/10.3.1/../../../../arm-none-eabi/lib/thumb/v6-m/nofp\libstdc++.a
LOAD c:/progra~2/gnuarm~1/102021~1.10/bin/../lib/gcc/arm-none-eabi/10.3.1/../../../../arm-none-eabi/lib/thumb/v6-m/nofp\libm.a
START GROUP
LOAD c:/progra~2/gnuarm~1/102021~1.10/bin/../lib/gcc/arm-none-eabi/10.3.1/thumb/v6-m/nofp\libgcc.a
LOAD c:/progra~2/gnuarm~1/102021~1.10/bin/../lib/gcc/arm-none-eabi/10.3.1/../../../../arm-none-eabi/lib/thumb/v6-m/nofp\libg.a
LOAD c:/progra~2/gnuarm~1/102021~1.10/bin/../lib/gcc/arm-none-eabi/10.3.1/../../../../arm-none-eabi/lib/thumb/v6-m/nofp\libc.a
END GROUP
START GROUP
LOAD c:/progra~2/gnuarm~1/102021~1.10/bin/../lib/gcc/arm-none-eabi/10.3.1/thumb/v6-m/nofp\libgcc.a
LOAD c:/progra~2/gnuarm~1/102021~1.10/bin/../lib/gcc/arm-none-eabi/10.3.1/../../../../arm-none-eabi/lib/thumb/v6-m/nofp\libc.a
LOAD c:/progra~2/gnuarm~1/102021~1.10/bin/../lib/gcc/arm-none-eabi/10.3.1/../../../../arm-none-eabi/lib/thumb/v6-m/nofp\libnosys.a
END GROUP
LOAD c:/progra~2/gnuarm~1/102021~1.10/bin/../lib/gcc/arm-none-eabi/10.3.1/thumb/v6-m/nofp/crtend.o
LOAD c:/progra~2/gnuarm~1/102021~1.10/bin/../lib/gcc/arm-none-eabi/10.3.1/thumb/v6-m/nofp/crtn.o
OUTPUT(picoI2c.elf elf32-littlearm)
LOAD linker stubs

.ARM.attributes
                0x00000000       0x28
 .ARM.attributes
                0x00000000       0x1e c:/progra~2/gnuarm~1/102021~1.10/bin/../lib/gcc/arm-none-eabi/10.3.1/thumb/v6-m/nofp/crti.o
 .ARM.attributes
                0x0000001e       0x2c c:/progra~2/gnuarm~1/102021~1.10/bin/../lib/gcc/arm-none-eabi/10.3.1/thumb/v6-m/nofp/crtbegin.o
 .ARM.attributes
                0x0000004a       0x2c CMakeFiles/picoI2c.dir/picoI2c.c.obj
 .ARM.attributes
                0x00000076       0x2c CMakeFiles/picoI2c.dir/LPS25HB.c.obj
 .ARM.attributes
                0x000000a2       0x2c CMakeFiles/picoI2c.dir/C_/Users/m3925/Documents/Pico/pico-sdk/src/rp2_common/hardware_gpio/gpio.c.obj
 .ARM.attributes
                0x000000ce       0x2c CMakeFiles/picoI2c.dir/C_/Users/m3925/Documents/Pico/pico-sdk/src/rp2_common/hardware_claim/claim.c.obj
 .ARM.attributes
                0x000000fa       0x2c CMakeFiles/picoI2c.dir/C_/Users/m3925/Documents/Pico/pico-sdk/src/rp2_common/pico_platform/platform.c.obj
 .ARM.attributes
                0x00000126       0x2c CMakeFiles/picoI2c.dir/C_/Users/m3925/Documents/Pico/pico-sdk/src/rp2_common/hardware_sync/sync.c.obj
 .ARM.attributes
                0x00000152       0x2c CMakeFiles/picoI2c.dir/C_/Users/m3925/Documents/Pico/pico-sdk/src/rp2_common/hardware_irq/irq.c.obj
 .ARM.attributes
                0x0000017e       0x22 CMakeFiles/picoI2c.dir/C_/Users/m3925/Documents/Pico/pico-sdk/src/rp2_common/hardware_irq/irq_handler_chain.S.obj
 .ARM.attributes
                0x000001a0       0x2c CMakeFiles/picoI2c.dir/C_/Users/m3925/Documents/Pico/pico-sdk/src/common/pico_sync/lock_core.c.obj
 .ARM.attributes
                0x000001cc       0x2c CMakeFiles/picoI2c.dir/C_/Users/m3925/Documents/Pico/pico-sdk/src/common/pico_time/time.c.obj
 .ARM.attributes
                0x000001f8       0x2c CMakeFiles/picoI2c.dir/C_/Users/m3925/Documents/Pico/pico-sdk/src/common/pico_time/timeout_helper.c.obj
 .ARM.attributes
                0x00000224       0x2c CMakeFiles/picoI2c.dir/C_/Users/m3925/Documents/Pico/pico-sdk/src/rp2_common/hardware_timer/timer.c.obj
 .ARM.attributes
                0x00000250       0x2c CMakeFiles/picoI2c.dir/C_/Users/m3925/Documents/Pico/pico-sdk/src/common/pico_util/pheap.c.obj
 .ARM.attributes
                0x0000027c       0x2c CMakeFiles/picoI2c.dir/C_/Users/m3925/Documents/Pico/pico-sdk/src/common/pico_sync/mutex.c.obj
 .ARM.attributes
                0x000002a8       0x2c CMakeFiles/picoI2c.dir/C_/Users/m3925/Documents/Pico/pico-sdk/src/rp2_common/hardware_uart/uart.c.obj
 .ARM.attributes
                0x000002d4       0x2c CMakeFiles/picoI2c.dir/C_/Users/m3925/Documents/Pico/pico-sdk/src/rp2_common/pico_runtime/runtime.c.obj
 .ARM.attributes
                0x00000300       0x2c CMakeFiles/picoI2c.dir/C_/Users/m3925/Documents/Pico/pico-sdk/src/rp2_common/hardware_clocks/clocks.c.obj
 .ARM.attributes
                0x0000032c       0x2c CMakeFiles/picoI2c.dir/C_/Users/m3925/Documents/Pico/pico-sdk/src/rp2_common/hardware_pll/pll.c.obj
 .ARM.attributes
                0x00000358       0x2c CMakeFiles/picoI2c.dir/C_/Users/m3925/Documents/Pico/pico-sdk/src/rp2_common/hardware_watchdog/watchdog.c.obj
 .ARM.attributes
                0x00000384       0x2c CMakeFiles/picoI2c.dir/C_/Users/m3925/Documents/Pico/pico-sdk/src/rp2_common/hardware_xosc/xosc.c.obj
 .ARM.attributes
                0x000003b0       0x2c CMakeFiles/picoI2c.dir/C_/Users/m3925/Documents/Pico/pico-sdk/src/rp2_common/pico_printf/printf.c.obj
 .ARM.attributes
                0x000003dc       0x22 CMakeFiles/picoI2c.dir/C_/Users/m3925/Documents/Pico/pico-sdk/src/rp2_common/pico_bit_ops/bit_ops_aeabi.S.obj
 .ARM.attributes
                0x000003fe       0x2c CMakeFiles/picoI2c.dir/C_/Users/m3925/Documents/Pico/pico-sdk/src/rp2_common/pico_bootrom/bootrom.c.obj
 .ARM.attributes
                0x0000042a       0x22 CMakeFiles/picoI2c.dir/C_/Users/m3925/Documents/Pico/pico-sdk/src/rp2_common/pico_divider/divider.S.obj
 .ARM.attributes
                0x0000044c       0x22 CMakeFiles/picoI2c.dir/C_/Users/m3925/Documents/Pico/pico-sdk/src/rp2_common/pico_double/double_aeabi.S.obj
 .ARM.attributes
                0x0000046e       0x2c CMakeFiles/picoI2c.dir/C_/Users/m3925/Documents/Pico/pico-sdk/src/rp2_common/pico_double/double_init_rom.c.obj
 .ARM.attributes
                0x0000049a       0x22 CMakeFiles/picoI2c.dir/C_/Users/m3925/Documents/Pico/pico-sdk/src/rp2_common/pico_double/double_v1_rom_shim.S.obj
 .ARM.attributes
                0x000004bc       0x22 CMakeFiles/picoI2c.dir/C_/Users/m3925/Documents/Pico/pico-sdk/src/rp2_common/pico_int64_ops/pico_int64_ops_aeabi.S.obj
 .ARM.attributes
                0x000004de       0x22 CMakeFiles/picoI2c.dir/C_/Users/m3925/Documents/Pico/pico-sdk/src/rp2_common/pico_float/float_aeabi.S.obj
 .ARM.attributes
                0x00000500       0x2c CMakeFiles/picoI2c.dir/C_/Users/m3925/Documents/Pico/pico-sdk/src/rp2_common/pico_float/float_init_rom.c.obj
 .ARM.attributes
                0x0000052c       0x22 CMakeFiles/picoI2c.dir/C_/Users/m3925/Documents/Pico/pico-sdk/src/rp2_common/pico_float/float_v1_rom_shim.S.obj
 .ARM.attributes
                0x0000054e       0x22 CMakeFiles/picoI2c.dir/C_/Users/m3925/Documents/Pico/pico-sdk/src/rp2_common/pico_mem_ops/mem_ops_aeabi.S.obj
 .ARM.attributes
                0x00000570       0x22 CMakeFiles/picoI2c.dir/C_/Users/m3925/Documents/Pico/pico-sdk/src/rp2_common/pico_standard_link/crt0.S.obj
 .ARM.attributes
                0x00000592       0x2c CMakeFiles/picoI2c.dir/C_/Users/m3925/Documents/Pico/pico-sdk/src/rp2_common/pico_standard_link/binary_info.c.obj
 .ARM.attributes
                0x000005be       0x2c CMakeFiles/picoI2c.dir/C_/Users/m3925/Documents/Pico/pico-sdk/src/rp2_common/pico_stdio/stdio.c.obj
 .ARM.attributes
                0x000005ea       0x2c CMakeFiles/picoI2c.dir/C_/Users/m3925/Documents/Pico/pico-sdk/src/rp2_common/pico_stdio_uart/stdio_uart.c.obj
 .ARM.attributes
                0x00000616       0x2c CMakeFiles/picoI2c.dir/C_/Users/m3925/Documents/Pico/pico-sdk/src/rp2_common/hardware_i2c/i2c.c.obj
 .ARM.attributes
                0x00000642       0x22 C:\Users\m3925\AppData\Local\Temp\cceApQih.o
 .ARM.attributes
                0x00000664       0x1e c:/progra~2/gnuarm~1/102021~1.10/bin/../lib/gcc/arm-none-eabi/10.3.1/thumb/v6-m/nofp\libgcc.a(_dvmd_tls.o)
 .ARM.attributes
                0x00000682       0x2c c:/progra~2/gnuarm~1/102021~1.10/bin/../lib/gcc/arm-none-eabi/10.3.1/../../../../arm-none-eabi/lib/thumb/v6-m/nofp\libg.a(lib_a-strlen-stub.o)

.comment        0x00000000       0x49
 .comment       0x00000000       0x49 CMakeFiles/picoI2c.dir/picoI2c.c.obj
                                 0x4a (size before relaxing)
 .comment       0x00000049       0x4a CMakeFiles/picoI2c.dir/LPS25HB.c.obj
 .comment       0x00000049       0x4a CMakeFiles/picoI2c.dir/C_/Users/m3925/Documents/Pico/pico-sdk/src/rp2_common/hardware_gpio/gpio.c.obj
 .comment       0x00000049       0x4a CMakeFiles/picoI2c.dir/C_/Users/m3925/Documents/Pico/pico-sdk/src/rp2_common/hardware_claim/claim.c.obj
 .comment       0x00000049       0x4a CMakeFiles/picoI2c.dir/C_/Users/m3925/Documents/Pico/pico-sdk/src/rp2_common/pico_platform/platform.c.obj
 .comment       0x00000049       0x4a CMakeFiles/picoI2c.dir/C_/Users/m3925/Documents/Pico/pico-sdk/src/rp2_common/hardware_sync/sync.c.obj
 .comment       0x00000049       0x4a CMakeFiles/picoI2c.dir/C_/Users/m3925/Documents/Pico/pico-sdk/src/rp2_common/hardware_irq/irq.c.obj
 .comment       0x00000049       0x4a CMakeFiles/picoI2c.dir/C_/Users/m3925/Documents/Pico/pico-sdk/src/common/pico_sync/lock_core.c.obj
 .comment       0x00000049       0x4a CMakeFiles/picoI2c.dir/C_/Users/m3925/Documents/Pico/pico-sdk/src/common/pico_time/time.c.obj
 .comment       0x00000049       0x4a CMakeFiles/picoI2c.dir/C_/Users/m3925/Documents/Pico/pico-sdk/src/common/pico_time/timeout_helper.c.obj
 .comment       0x00000049       0x4a CMakeFiles/picoI2c.dir/C_/Users/m3925/Documents/Pico/pico-sdk/src/rp2_common/hardware_timer/timer.c.obj
 .comment       0x00000049       0x4a CMakeFiles/picoI2c.dir/C_/Users/m3925/Documents/Pico/pico-sdk/src/common/pico_util/pheap.c.obj
 .comment       0x00000049       0x4a CMakeFiles/picoI2c.dir/C_/Users/m3925/Documents/Pico/pico-sdk/src/common/pico_sync/mutex.c.obj
 .comment       0x00000049       0x4a CMakeFiles/picoI2c.dir/C_/Users/m3925/Documents/Pico/pico-sdk/src/rp2_common/hardware_uart/uart.c.obj
 .comment       0x00000049       0x4a CMakeFiles/picoI2c.dir/C_/Users/m3925/Documents/Pico/pico-sdk/src/rp2_common/pico_runtime/runtime.c.obj
 .comment       0x00000049       0x4a CMakeFiles/picoI2c.dir/C_/Users/m3925/Documents/Pico/pico-sdk/src/rp2_common/hardware_clocks/clocks.c.obj
 .comment       0x00000049       0x4a CMakeFiles/picoI2c.dir/C_/Users/m3925/Documents/Pico/pico-sdk/src/rp2_common/hardware_pll/pll.c.obj
 .comment       0x00000049       0x4a CMakeFiles/picoI2c.dir/C_/Users/m3925/Documents/Pico/pico-sdk/src/rp2_common/hardware_watchdog/watchdog.c.obj
 .comment       0x00000049       0x4a CMakeFiles/picoI2c.dir/C_/Users/m3925/Documents/Pico/pico-sdk/src/rp2_common/hardware_xosc/xosc.c.obj
 .comment       0x00000049       0x4a CMakeFiles/picoI2c.dir/C_/Users/m3925/Documents/Pico/pico-sdk/src/rp2_common/pico_printf/printf.c.obj
 .comment       0x00000049       0x4a CMakeFiles/picoI2c.dir/C_/Users/m3925/Documents/Pico/pico-sdk/src/rp2_common/pico_bootrom/bootrom.c.obj
 .comment       0x00000049       0x4a CMakeFiles/picoI2c.dir/C_/Users/m3925/Documents/Pico/pico-sdk/src/rp2_common/pico_double/double_init_rom.c.obj
 .comment       0x00000049       0x4a CMakeFiles/picoI2c.dir/C_/Users/m3925/Documents/Pico/pico-sdk/src/rp2_common/pico_float/float_init_rom.c.obj
 .comment       0x00000049       0x4a CMakeFiles/picoI2c.dir/C_/Users/m3925/Documents/Pico/pico-sdk/src/rp2_common/pico_standard_link/binary_info.c.obj
 .comment       0x00000049       0x4a CMakeFiles/picoI2c.dir/C_/Users/m3925/Documents/Pico/pico-sdk/src/rp2_common/pico_stdio/stdio.c.obj
 .comment       0x00000049       0x4a CMakeFiles/picoI2c.dir/C_/Users/m3925/Documents/Pico/pico-sdk/src/rp2_common/pico_stdio_uart/stdio_uart.c.obj
 .comment       0x00000049       0x4a CMakeFiles/picoI2c.dir/C_/Users/m3925/Documents/Pico/pico-sdk/src/rp2_common/hardware_i2c/i2c.c.obj

.debug_info     0x00000000    0x16a6e
 .debug_info    0x00000000      0x628 CMakeFiles/picoI2c.dir/picoI2c.c.obj
 .debug_info    0x00000628      0xd32 CMakeFiles/picoI2c.dir/LPS25HB.c.obj
 .debug_info    0x0000135a     0x16d7 CMakeFiles/picoI2c.dir/C_/Users/m3925/Documents/Pico/pico-sdk/src/rp2_common/hardware_gpio/gpio.c.obj
 .debug_info    0x00002a31      0x6bb CMakeFiles/picoI2c.dir/C_/Users/m3925/Documents/Pico/pico-sdk/src/rp2_common/hardware_claim/claim.c.obj
 .debug_info    0x000030ec      0x1e3 CMakeFiles/picoI2c.dir/C_/Users/m3925/Documents/Pico/pico-sdk/src/rp2_common/pico_platform/platform.c.obj
 .debug_info    0x000032cf      0x58e CMakeFiles/picoI2c.dir/C_/Users/m3925/Documents/Pico/pico-sdk/src/rp2_common/hardware_sync/sync.c.obj
 .debug_info    0x0000385d     0x1c49 CMakeFiles/picoI2c.dir/C_/Users/m3925/Documents/Pico/pico-sdk/src/rp2_common/hardware_irq/irq.c.obj
 .debug_info    0x000054a6      0x1a4 CMakeFiles/picoI2c.dir/C_/Users/m3925/Documents/Pico/pico-sdk/src/common/pico_sync/lock_core.c.obj
 .debug_info    0x0000564a     0x3b3b CMakeFiles/picoI2c.dir/C_/Users/m3925/Documents/Pico/pico-sdk/src/common/pico_time/time.c.obj
 .debug_info    0x00009185      0x7fb CMakeFiles/picoI2c.dir/C_/Users/m3925/Documents/Pico/pico-sdk/src/common/pico_time/timeout_helper.c.obj
 .debug_info    0x00009980     0x1134 CMakeFiles/picoI2c.dir/C_/Users/m3925/Documents/Pico/pico-sdk/src/rp2_common/hardware_timer/timer.c.obj
 .debug_info    0x0000aab4     0x120c CMakeFiles/picoI2c.dir/C_/Users/m3925/Documents/Pico/pico-sdk/src/common/pico_util/pheap.c.obj
 .debug_info    0x0000bcc0     0x2022 CMakeFiles/picoI2c.dir/C_/Users/m3925/Documents/Pico/pico-sdk/src/common/pico_sync/mutex.c.obj
 .debug_info    0x0000dce2      0xb65 CMakeFiles/picoI2c.dir/C_/Users/m3925/Documents/Pico/pico-sdk/src/rp2_common/hardware_uart/uart.c.obj
 .debug_info    0x0000e847      0xa87 CMakeFiles/picoI2c.dir/C_/Users/m3925/Documents/Pico/pico-sdk/src/rp2_common/pico_runtime/runtime.c.obj
 .debug_info    0x0000f2ce      0xf63 CMakeFiles/picoI2c.dir/C_/Users/m3925/Documents/Pico/pico-sdk/src/rp2_common/hardware_clocks/clocks.c.obj
 .debug_info    0x00010231      0x54a CMakeFiles/picoI2c.dir/C_/Users/m3925/Documents/Pico/pico-sdk/src/rp2_common/hardware_pll/pll.c.obj
 .debug_info    0x0001077b      0x4ee CMakeFiles/picoI2c.dir/C_/Users/m3925/Documents/Pico/pico-sdk/src/rp2_common/hardware_watchdog/watchdog.c.obj
 .debug_info    0x00010c69      0x1d8 CMakeFiles/picoI2c.dir/C_/Users/m3925/Documents/Pico/pico-sdk/src/rp2_common/hardware_xosc/xosc.c.obj
 .debug_info    0x00010e41     0x1a5f CMakeFiles/picoI2c.dir/C_/Users/m3925/Documents/Pico/pico-sdk/src/rp2_common/pico_printf/printf.c.obj
 .debug_info    0x000128a0       0x22 CMakeFiles/picoI2c.dir/C_/Users/m3925/Documents/Pico/pico-sdk/src/rp2_common/pico_bit_ops/bit_ops_aeabi.S.obj
 .debug_info    0x000128c2      0x27c CMakeFiles/picoI2c.dir/C_/Users/m3925/Documents/Pico/pico-sdk/src/rp2_common/pico_bootrom/bootrom.c.obj
 .debug_info    0x00012b3e       0x22 CMakeFiles/picoI2c.dir/C_/Users/m3925/Documents/Pico/pico-sdk/src/rp2_common/pico_divider/divider.S.obj
 .debug_info    0x00012b60       0x22 CMakeFiles/picoI2c.dir/C_/Users/m3925/Documents/Pico/pico-sdk/src/rp2_common/pico_double/double_aeabi.S.obj
 .debug_info    0x00012b82      0x2d1 CMakeFiles/picoI2c.dir/C_/Users/m3925/Documents/Pico/pico-sdk/src/rp2_common/pico_double/double_init_rom.c.obj
 .debug_info    0x00012e53       0x22 CMakeFiles/picoI2c.dir/C_/Users/m3925/Documents/Pico/pico-sdk/src/rp2_common/pico_double/double_v1_rom_shim.S.obj
 .debug_info    0x00012e75       0x26 CMakeFiles/picoI2c.dir/C_/Users/m3925/Documents/Pico/pico-sdk/src/rp2_common/pico_int64_ops/pico_int64_ops_aeabi.S.obj
 .debug_info    0x00012e9b       0x22 CMakeFiles/picoI2c.dir/C_/Users/m3925/Documents/Pico/pico-sdk/src/rp2_common/pico_float/float_aeabi.S.obj
 .debug_info    0x00012ebd      0x2eb CMakeFiles/picoI2c.dir/C_/Users/m3925/Documents/Pico/pico-sdk/src/rp2_common/pico_float/float_init_rom.c.obj
 .debug_info    0x000131a8       0x22 CMakeFiles/picoI2c.dir/C_/Users/m3925/Documents/Pico/pico-sdk/src/rp2_common/pico_float/float_v1_rom_shim.S.obj
 .debug_info    0x000131ca       0x22 CMakeFiles/picoI2c.dir/C_/Users/m3925/Documents/Pico/pico-sdk/src/rp2_common/pico_mem_ops/mem_ops_aeabi.S.obj
 .debug_info    0x000131ec       0x22 CMakeFiles/picoI2c.dir/C_/Users/m3925/Documents/Pico/pico-sdk/src/rp2_common/pico_standard_link/crt0.S.obj
 .debug_info    0x0001320e      0x327 CMakeFiles/picoI2c.dir/C_/Users/m3925/Documents/Pico/pico-sdk/src/rp2_common/pico_standard_link/binary_info.c.obj
 .debug_info    0x00013535     0x12ee CMakeFiles/picoI2c.dir/C_/Users/m3925/Documents/Pico/pico-sdk/src/rp2_common/pico_stdio/stdio.c.obj
 .debug_info    0x00014823      0xc57 CMakeFiles/picoI2c.dir/C_/Users/m3925/Documents/Pico/pico-sdk/src/rp2_common/pico_stdio_uart/stdio_uart.c.obj
 .debug_info    0x0001547a     0x15f4 CMakeFiles/picoI2c.dir/C_/Users/m3925/Documents/Pico/pico-sdk/src/rp2_common/hardware_i2c/i2c.c.obj

.debug_abbrev   0x00000000     0x491a
 .debug_abbrev  0x00000000      0x183 CMakeFiles/picoI2c.dir/picoI2c.c.obj
 .debug_abbrev  0x00000183      0x2be CMakeFiles/picoI2c.dir/LPS25HB.c.obj
 .debug_abbrev  0x00000441      0x326 CMakeFiles/picoI2c.dir/C_/Users/m3925/Documents/Pico/pico-sdk/src/rp2_common/hardware_gpio/gpio.c.obj
 .debug_abbrev  0x00000767      0x2e9 CMakeFiles/picoI2c.dir/C_/Users/m3925/Documents/Pico/pico-sdk/src/rp2_common/hardware_claim/claim.c.obj
 .debug_abbrev  0x00000a50       0xeb CMakeFiles/picoI2c.dir/C_/Users/m3925/Documents/Pico/pico-sdk/src/rp2_common/pico_platform/platform.c.obj
 .debug_abbrev  0x00000b3b      0x21b CMakeFiles/picoI2c.dir/C_/Users/m3925/Documents/Pico/pico-sdk/src/rp2_common/hardware_sync/sync.c.obj
 .debug_abbrev  0x00000d56      0x4fc CMakeFiles/picoI2c.dir/C_/Users/m3925/Documents/Pico/pico-sdk/src/rp2_common/hardware_irq/irq.c.obj
 .debug_abbrev  0x00001252      0x116 CMakeFiles/picoI2c.dir/C_/Users/m3925/Documents/Pico/pico-sdk/src/common/pico_sync/lock_core.c.obj
 .debug_abbrev  0x00001368      0x54d CMakeFiles/picoI2c.dir/C_/Users/m3925/Documents/Pico/pico-sdk/src/common/pico_time/time.c.obj
 .debug_abbrev  0x000018b5      0x243 CMakeFiles/picoI2c.dir/C_/Users/m3925/Documents/Pico/pico-sdk/src/common/pico_time/timeout_helper.c.obj
 .debug_abbrev  0x00001af8      0x3a2 CMakeFiles/picoI2c.dir/C_/Users/m3925/Documents/Pico/pico-sdk/src/rp2_common/hardware_timer/timer.c.obj
 .debug_abbrev  0x00001e9a      0x297 CMakeFiles/picoI2c.dir/C_/Users/m3925/Documents/Pico/pico-sdk/src/common/pico_util/pheap.c.obj
 .debug_abbrev  0x00002131      0x386 CMakeFiles/picoI2c.dir/C_/Users/m3925/Documents/Pico/pico-sdk/src/common/pico_sync/mutex.c.obj
 .debug_abbrev  0x000024b7      0x2d2 CMakeFiles/picoI2c.dir/C_/Users/m3925/Documents/Pico/pico-sdk/src/rp2_common/hardware_uart/uart.c.obj
 .debug_abbrev  0x00002789      0x3aa CMakeFiles/picoI2c.dir/C_/Users/m3925/Documents/Pico/pico-sdk/src/rp2_common/pico_runtime/runtime.c.obj
 .debug_abbrev  0x00002b33      0x3a5 CMakeFiles/picoI2c.dir/C_/Users/m3925/Documents/Pico/pico-sdk/src/rp2_common/hardware_clocks/clocks.c.obj
 .debug_abbrev  0x00002ed8      0x1ea CMakeFiles/picoI2c.dir/C_/Users/m3925/Documents/Pico/pico-sdk/src/rp2_common/hardware_pll/pll.c.obj
 .debug_abbrev  0x000030c2      0x1a8 CMakeFiles/picoI2c.dir/C_/Users/m3925/Documents/Pico/pico-sdk/src/rp2_common/hardware_watchdog/watchdog.c.obj
 .debug_abbrev  0x0000326a      0x109 CMakeFiles/picoI2c.dir/C_/Users/m3925/Documents/Pico/pico-sdk/src/rp2_common/hardware_xosc/xosc.c.obj
 .debug_abbrev  0x00003373      0x384 CMakeFiles/picoI2c.dir/C_/Users/m3925/Documents/Pico/pico-sdk/src/rp2_common/pico_printf/printf.c.obj
 .debug_abbrev  0x000036f7       0x12 CMakeFiles/picoI2c.dir/C_/Users/m3925/Documents/Pico/pico-sdk/src/rp2_common/pico_bit_ops/bit_ops_aeabi.S.obj
 .debug_abbrev  0x00003709      0x13b CMakeFiles/picoI2c.dir/C_/Users/m3925/Documents/Pico/pico-sdk/src/rp2_common/pico_bootrom/bootrom.c.obj
 .debug_abbrev  0x00003844       0x12 CMakeFiles/picoI2c.dir/C_/Users/m3925/Documents/Pico/pico-sdk/src/rp2_common/pico_divider/divider.S.obj
 .debug_abbrev  0x00003856       0x12 CMakeFiles/picoI2c.dir/C_/Users/m3925/Documents/Pico/pico-sdk/src/rp2_common/pico_double/double_aeabi.S.obj
 .debug_abbrev  0x00003868      0x179 CMakeFiles/picoI2c.dir/C_/Users/m3925/Documents/Pico/pico-sdk/src/rp2_common/pico_double/double_init_rom.c.obj
 .debug_abbrev  0x000039e1       0x12 CMakeFiles/picoI2c.dir/C_/Users/m3925/Documents/Pico/pico-sdk/src/rp2_common/pico_double/double_v1_rom_shim.S.obj
 .debug_abbrev  0x000039f3       0x14 CMakeFiles/picoI2c.dir/C_/Users/m3925/Documents/Pico/pico-sdk/src/rp2_common/pico_int64_ops/pico_int64_ops_aeabi.S.obj
 .debug_abbrev  0x00003a07       0x12 CMakeFiles/picoI2c.dir/C_/Users/m3925/Documents/Pico/pico-sdk/src/rp2_common/pico_float/float_aeabi.S.obj
 .debug_abbrev  0x00003a19      0x18c CMakeFiles/picoI2c.dir/C_/Users/m3925/Documents/Pico/pico-sdk/src/rp2_common/pico_float/float_init_rom.c.obj
 .debug_abbrev  0x00003ba5       0x12 CMakeFiles/picoI2c.dir/C_/Users/m3925/Documents/Pico/pico-sdk/src/rp2_common/pico_float/float_v1_rom_shim.S.obj
 .debug_abbrev  0x00003bb7       0x12 CMakeFiles/picoI2c.dir/C_/Users/m3925/Documents/Pico/pico-sdk/src/rp2_common/pico_mem_ops/mem_ops_aeabi.S.obj
 .debug_abbrev  0x00003bc9       0x12 CMakeFiles/picoI2c.dir/C_/Users/m3925/Documents/Pico/pico-sdk/src/rp2_common/pico_standard_link/crt0.S.obj
 .debug_abbrev  0x00003bdb       0xad CMakeFiles/picoI2c.dir/C_/Users/m3925/Documents/Pico/pico-sdk/src/rp2_common/pico_standard_link/binary_info.c.obj
 .debug_abbrev  0x00003c88      0x4a9 CMakeFiles/picoI2c.dir/C_/Users/m3925/Documents/Pico/pico-sdk/src/rp2_common/pico_stdio/stdio.c.obj
 .debug_abbrev  0x00004131      0x373 CMakeFiles/picoI2c.dir/C_/Users/m3925/Documents/Pico/pico-sdk/src/rp2_common/pico_stdio_uart/stdio_uart.c.obj
 .debug_abbrev  0x000044a4      0x476 CMakeFiles/picoI2c.dir/C_/Users/m3925/Documents/Pico/pico-sdk/src/rp2_common/hardware_i2c/i2c.c.obj

.debug_loc      0x00000000     0xf82e
 .debug_loc     0x00000000       0x37 CMakeFiles/picoI2c.dir/picoI2c.c.obj
 .debug_loc     0x00000037      0x7ff CMakeFiles/picoI2c.dir/LPS25HB.c.obj
 .debug_loc     0x00000836     0x118d CMakeFiles/picoI2c.dir/C_/Users/m3925/Documents/Pico/pico-sdk/src/rp2_common/hardware_gpio/gpio.c.obj
 .debug_loc     0x000019c3      0x45f CMakeFiles/picoI2c.dir/C_/Users/m3925/Documents/Pico/pico-sdk/src/rp2_common/hardware_claim/claim.c.obj
 .debug_loc     0x00001e22       0xe9 CMakeFiles/picoI2c.dir/C_/Users/m3925/Documents/Pico/pico-sdk/src/rp2_common/pico_platform/platform.c.obj
 .debug_loc     0x00001f0b      0x233 CMakeFiles/picoI2c.dir/C_/Users/m3925/Documents/Pico/pico-sdk/src/rp2_common/hardware_sync/sync.c.obj
 .debug_loc     0x0000213e     0x1365 CMakeFiles/picoI2c.dir/C_/Users/m3925/Documents/Pico/pico-sdk/src/rp2_common/hardware_irq/irq.c.obj
 .debug_loc     0x000034a3       0x60 CMakeFiles/picoI2c.dir/C_/Users/m3925/Documents/Pico/pico-sdk/src/common/pico_sync/lock_core.c.obj
 .debug_loc     0x00003503     0x2e2a CMakeFiles/picoI2c.dir/C_/Users/m3925/Documents/Pico/pico-sdk/src/common/pico_time/time.c.obj
 .debug_loc     0x0000632d      0x464 CMakeFiles/picoI2c.dir/C_/Users/m3925/Documents/Pico/pico-sdk/src/common/pico_time/timeout_helper.c.obj
 .debug_loc     0x00006791      0x952 CMakeFiles/picoI2c.dir/C_/Users/m3925/Documents/Pico/pico-sdk/src/rp2_common/hardware_timer/timer.c.obj